Archive member included to satisfy reference by file (symbol)

/opt/devkitpro/libctru/lib/libctru.a(console.o)
                              main.o (consoleSelect)
/opt/devkitpro/libctru/lib/libctru.a(gfx.o)
                              /opt/devkitpro/libctru/lib/libctru.a(console.o) (gfxIsWide)
/opt/devkitpro/libctru/lib/libctru.a(apt.o)
                              main.o (aptMainLoop)
/opt/devkitpro/libctru/lib/libctru.a(gspgpu.o)
                              /opt/devkitpro/libctru/lib/libctru.a(gfx.o) (gspInit)
/opt/devkitpro/libctru/lib/libctru.a(hid.o)
                              main.o (hidScanInput)
/opt/devkitpro/libctru/lib/libctru.a(httpc.o)
                              main.o (httpcInit)
/opt/devkitpro/libctru/lib/libctru.a(irrst.o)
                              /opt/devkitpro/libctru/lib/libctru.a(hid.o) (irrstInit)
/opt/devkitpro/libctru/lib/libctru.a(ctru_init.o)
                              /opt/devkitpro/libctru/lib/libctru.a(apt.o) (__system_retAddr)
/opt/devkitpro/libctru/lib/libctru.a(initArgv.o)
                              /opt/devkitpro/libctru/lib/libctru.a(ctru_init.o) (__system_initArgv)
/opt/devkitpro/libctru/lib/libctru.a(syscalls.o)
                              /opt/devkitpro/libctru/lib/libctru.a(ctru_init.o) (__system_initSyscalls)
/opt/devkitpro/libctru/lib/libctru.a(svc.o)
                              main.o (svcSleepThread)
/opt/devkitpro/libctru/lib/libctru.a(readtp.o)
                              main.o (__aeabi_read_tp)
/opt/devkitpro/libctru/lib/libctru.a(stack_adjust.o)
                              /opt/devkitpro/devkitARM/bin/../lib/gcc/arm-none-eabi/15.1.0/../../../../arm-none-eabi/lib/armv6k/fpu/3dsx_crt0.o (initSystem)
/opt/devkitpro/libctru/lib/libctru.a(default_font.bin.o)
                              /opt/devkitpro/libctru/lib/libctru.a(console.o) (default_font_bin)
/opt/devkitpro/libctru/lib/libctru.a(linear.o)
                              /opt/devkitpro/libctru/lib/libctru.a(gfx.o) (linearAlloc)
/opt/devkitpro/libctru/lib/libctru.a(mem_pool.o)
                              /opt/devkitpro/libctru/lib/libctru.a(linear.o) (MemPool::Allocate(MemChunk&, unsigned long, int))
/opt/devkitpro/libctru/lib/libctru.a(vram.o)
                              /opt/devkitpro/libctru/lib/libctru.a(gfx.o) (vramAlloc)
/opt/devkitpro/libctru/lib/libctru.a(3dslink.o)
                              /opt/devkitpro/libctru/lib/libctru.a(initArgv.o) (__3dslink_host)
/opt/devkitpro/libctru/lib/libctru.a(env.o)
                              /opt/devkitpro/libctru/lib/libctru.a(irrst.o) (envGetHandle)
/opt/devkitpro/libctru/lib/libctru.a(os.o)
                              /opt/devkitpro/libctru/lib/libctru.a(syscalls.o) (osGetTime)
/opt/devkitpro/libctru/lib/libctru.a(srv.o)
                              /opt/devkitpro/libctru/lib/libctru.a(apt.o) (srvInit)
/opt/devkitpro/libctru/lib/libctru.a(synchronization.o)
                              /opt/devkitpro/libctru/lib/libctru.a(ctru_init.o) (__sync_init)
/opt/devkitpro/libctru/lib/libctru.a(thread.o)
                              /opt/devkitpro/libctru/lib/libctru.a(apt.o) (threadCreate)
/opt/devkitpro/libctru/lib/libctru.a(mappable.o)
                              /opt/devkitpro/libctru/lib/libctru.a(apt.o) (mappableAlloc)
/opt/devkitpro/libctru/lib/libctru.a(ptmsysm.o)
                              /opt/devkitpro/libctru/lib/libctru.a(os.o) (ptmSysmInit)
/opt/devkitpro/libctru/lib/libctru.a(srvpm.o)
                              /opt/devkitpro/libctru/lib/libctru.a(srv.o) (srvPmGetSessionHandle)
/opt/devkitpro/libctru/lib/libctru.a(soc_connect.o)
                              /opt/devkitpro/libctru/lib/libctru.a(3dslink.o) (connect)
/opt/devkitpro/libctru/lib/libctru.a(soc_socket.o)
                              /opt/devkitpro/libctru/lib/libctru.a(3dslink.o) (socket)
/opt/devkitpro/libctru/lib/libctru.a(rbtree_find.o)
                              /opt/devkitpro/libctru/lib/libctru.a(linear.o) (rbtree_find)
/opt/devkitpro/libctru/lib/libctru.a(rbtree_init.o)
                              /opt/devkitpro/libctru/lib/libctru.a(linear.o) (rbtree_init)
/opt/devkitpro/libctru/lib/libctru.a(rbtree_insert.o)
                              /opt/devkitpro/libctru/lib/libctru.a(linear.o) (rbtree_insert)
/opt/devkitpro/libctru/lib/libctru.a(rbtree_remove.o)
                              /opt/devkitpro/libctru/lib/libctru.a(linear.o) (rbtree_remove)
/opt/devkitpro/libctru/lib/libctru.a(rbtree_rotate.o)
                              /opt/devkitpro/libctru/lib/libctru.a(rbtree_insert.o) (rbtree_rotate)
/opt/devkitpro/libctru/lib/libctru.a(allocateHeaps.o)
                              /opt/devkitpro/libctru/lib/libctru.a(ctru_init.o) (__system_allocateHeaps)
/opt/devkitpro/libctru/lib/libctru.a(appExit.o)
                              /opt/devkitpro/libctru/lib/libctru.a(stack_adjust.o) (__appExit)
/opt/devkitpro/libctru/lib/libctru.a(appInit.o)
[...]
Memory Configuration

Name             Origin             Length             Attributes
*default*        0x00000000         0xffffffff

Linker script and memory map

                0x00000000                        __sync_synchronize = __sync_synchronize_dmb
                0x00100000                        PROVIDE (__start__ = 0x100000)
                0x00100000                        . = __start__

.text           0x00100000    0x2d5e4
 *(.crt0)
 .crt0          0x00100000       0x94 /opt/devkitpro/devkitARM/bin/../lib/gcc/arm-none-eabi/15.1.0/../../../../arm-none-eabi/lib/armv6k/fpu/3dsx_crt0.o
                0x00100000                _start
                0x00100008                __service_ptr
                0x0010000c                __apt_appid
                0x00100010                __heap_size
                0x00100014                __linear_heap_size
                0x00100018                __system_arglist
                0x0010001c                __system_runflags
 *(.init)
 .init          0x00100094        0xc /opt/devkitpro/devkitARM/bin/../lib/gcc/arm-none-eabi/15.1.0/armv6k/fpu/crti.o
                0x00100094                _init
 .init          0x001000a0        0xc /opt/devkitpro/devkitARM/bin/../lib/gcc/arm-none-eabi/15.1.0/armv6k/fpu/crtn.o
                0x001000ac                        . = ALIGN (0x4)
 *(.text)
 .text          0x001000ac      0x20c /opt/devkitpro/devkitARM/bin/../lib/gcc/arm-none-eabi/15.1.0/armv6k/fpu/libgcc.a(_udivsi3.o)
                0x001000ac                __udivsi3
                0x001000ac                __aeabi_uidiv
                0x00100298                __aeabi_uidivmod
 .text          0x001002b8      0x240 /opt/devkitpro/devkitARM/bin/../lib/gcc/arm-none-eabi/15.1.0/armv6k/fpu/libgcc.a(_divsi3.o)
                0x001002b8                __aeabi_idiv
                0x001002b8                __divsi3
                0x001004d8                __aeabi_idivmod
 .text          0x001004f8        0x4 /opt/devkitpro/devkitARM/bin/../lib/gcc/arm-none-eabi/15.1.0/armv6k/fpu/libgcc.a(_dvmd_tls.o)
                0x001004f8                __aeabi_ldiv0
                0x001004f8                __aeabi_idiv0
 .text          0x001004fc       0xd4 /opt/devkitpro/devkitARM/bin/../lib/gcc/arm-none-eabi/15.1.0/armv6k/fpu/libgcc.a(_aeabi_ldivmod.o)
                0x001004fc                __aeabi_ldivmod
 .text          0x001005d0       0x3c /opt/devkitpro/devkitARM/bin/../lib/gcc/arm-none-eabi/15.1.0/armv6k/fpu/libgcc.a(_aeabi_uldivmod.o)
                0x001005d0                __aeabi_uldivmod
 *fill*         0x0010060c       0x14 
 .text          0x00100620      0x390 /opt/devkitpro/devkitARM/bin/../lib/gcc/arm-none-eabi/15.1.0/../../../../arm-none-eabi/lib/armv6k/fpu/libg.a(libc_a-strcmp.o)
                0x00100628                strcmp
 *(.text.*)
 .text.__do_global_dtors_aux
                0x001009b0       0x50 /opt/devkitpro/devkitARM/bin/../lib/gcc/arm-none-eabi/15.1.0/armv6k/fpu/crtbegin.o
 .text.frame_dummy
                0x00100a00       0x2c /opt/devkitpro/devkitARM/bin/../lib/gcc/arm-none-eabi/15.1.0/armv6k/fpu/crtbegin.o
 .text.stbi__stdio_eof
                0x00100a2c       0x14 main.o
 .text.stbi__mad3sizes_valid
                0x00100a40       0xac main.o
 .text.stbi__refill_buffer
                0x00100aec       0x64 main.o
 .text.stbi__idct_block
                0x00100b50      0x424 main.o
 .text.resample_row_1
                0x00100f74        0x8 main.o
 .text.stbi__resample_row_v_2
                0x00100f7c       0x4c main.o
 .text.stbi__resample_row_hv_2
                0x00100fc8       0xa8 main.o
 .text.stbi__resample_row_generic
                0x00101070       0x70 main.o
 .text.stbi__YCbCr_to_RGB_row
                0x001010e0       0xe8 main.o
 .text.stbi__bitreverse16
                0x001011c8       0x6c main.o
 .text.stbi__fill_bits
                0x00101234       0x5c main.o
 .text.stbi__zhuffman_decode
                0x00101290      0x154 main.o
 .text.stbi__high_bit
                0x001013e4       0x50 main.o
 .text.stbi__out_gif_code
                0x00101434      0x114 main.o
 .text.draw_fill_rect
                0x00101548       0xb0 main.o
 .text.stbi__stdio_skip
                0x001015f8       0x2c main.o
 .text.stbi__stdio_read
                0x00101624       0x10 main.o
 .text.stbi__build_huffman
                0x00101634      0x1b0 main.o
 .text.stbi__zexpand
                0x001017e4       0xd0 main.o
 .text.stbi__getn
                0x001018b4       0xcc main.o
 .text.stbi__vertical_flip
                0x00101980       0xcc main.o
 .text.stbi__convert_format16
                0x00101a4c      0x6a8 main.o
 *fill*         0x001020f4        0x4 
 .text.stbi__hdr_convert
                0x001020f8      0x130 main.o
 .text.stbi__resample_row_h_2
                0x00102228       0xe8 main.o
 .text.stbi__create_png_alpha_expand8
                0x00102310       0xa8 main.o
 .text.stbi__shiftsigned
                0x001023b8       0x68 main.o
 .text.stbi__free_jpeg_components.constprop.0
                0x00102420       0x8c main.o
 .text.stbi__mad4sizes_valid.constprop.0
                0x001024ac       0xc8 main.o
 .text.stbi__zbuild_huffman
                0x00102574      0x1e0 main.o
 .text.stbi__malloc_mad2
                0x00102754       0x7c main.o
 .text.stbi__pnm_getinteger
                0x001027d0      0x110 main.o
 .text.stbi__pnm_skip_whitespace
                0x001028e0      0x1e8 main.o
 .text.stbi__gif_parse_colortable
                0x00102ac8       0xfc main.o
 .text.stbi__compute_huffman_codes
                0x00102bc4      0x2d4 main.o
 .text.stbi__parse_zlib
                0x00102e98      0x5e0 main.o
 .text.stbi__malloc_mad3
                0x00103478       0xb4 main.o
 .text.stbi__convert_format
                0x0010352c      0x6a4 main.o
 .text.stbi__create_png_image_raw
                0x00103bd0      0x828 main.o
 .text.stbi__hdr_test
                0x001043f8      0x13c main.o
 .text.stbi__skip
                0x00104534       0x58 main.o
 .text.stbi__get16be
                0x0010458c       0xc0 main.o
 .text.stbi__get16le
                0x0010464c       0xbc main.o
 .text.stbi__get32le
                0x00104708      0x178 main.o
 .text.stbi__get32be
                0x00104880      0x18c main.o
 .text.stbi__hdr_gettoken
                0x00104a0c      0x19c main.o
 .text.stbi__get_marker
                0x00104ba8       0xf4 main.o
 .text.stbi__grow_buffer_unsafe
                0x00104c9c      0x100 main.o
 .text.stbi__extend_receive
                0x00104d9c       0x90 main.o
 .text.stbi__jpeg_huff_decode
                0x00104e2c      0x164 main.o
 .text.stbi__jpeg_decode_block
                0x00104f90      0x2c8 main.o
 .text.stbi__jpeg_decode_block_prog_dc
                0x00105258      0x24c main.o
 .text.stbi__pnm_info
                0x001054a4      0x21c main.o
 .text.stbi__bmp_parse_header.constprop.0
                0x001056c0      0x45c main.o
 .text.stbi__bmp_load.isra.0
                0x00105b1c      0xebc main.o
 .text.stbi__gif_test_raw
                0x001069d8      0x1b8 main.o
 .text.stbi__hdr_load.isra.0
                0x00106b90      0x704 main.o
 .text.stbi__gif_header
                0x00107294      0x41c main.o
 .text.stbi__gif_load_next.isra.0
                0x001076b0      0xa24 main.o
 .text.stbi__gif_load.isra.0
                0x001080d4       0xd8 main.o
 .text.stbi__process_marker
                0x001081ac      0x7f0 main.o
 .text.stbi__decode_jpeg_header
                0x0010899c      0x894 main.o
 .text.stbi__decode_jpeg_image
                0x00109230     0x1558 main.o
 .text.stbi_zlib_decode_malloc_guesssize_headerflag
                0x0010a788       0xa0 main.o
                0x0010a788                stbi_zlib_decode_malloc_guesssize_headerflag
 .text.stbi__parse_png_file
                0x0010a828     0x1290 main.o
 .text.stbi__load_main
                0x0010bab8     0x3460 main.o
 .text.stbi__load_and_postprocess_8bit
                0x0010ef18      0x170 main.o
 .text.stbi_load_from_memory
                0x0010f088       0x58 main.o
                0x0010f088                stbi_load_from_memory
 .text.startup.main
                0x0010f0e0     0x1148 main.o
                0x0010f0e0                main
 .text.consoleSelect
                0x00110228       0x18 /opt/devkitpro/libctru/lib/libctru.a(console.o)
                0x00110228                consoleSelect
 .text.consoleDrawChar
                0x00110240      0x1c8 /opt/devkitpro/libctru/lib/libctru.a(console.o)
                0x00110240                consoleDrawChar
 .text.consolePrintChar
                0x00110408      0x170 /opt/devkitpro/libctru/lib/libctru.a(console.o)
                0x00110408                consolePrintChar
 .text.con_write
                0x00110578      0xc40 /opt/devkitpro/libctru/lib/libctru.a(console.o)
                0x00110578                con_write
 .text.newRow   0x001111b8      0x110 /opt/devkitpro/libctru/lib/libctru.a(console.o)
 .text.consoleInit
                0x001112c8      0x180 /opt/devkitpro/libctru/lib/libctru.a(console.o)
                0x001112c8                consoleInit
 .text.consoleClear
                0x00111448       0xb8 /opt/devkitpro/libctru/lib/libctru.a(console.o)
                0x00111448                consoleClear
 .text.gfxPresentFramebuffer
                0x00111500       0xcc /opt/devkitpro/libctru/lib/libctru.a(gfx.o)
 .text.gfxIsWide
                0x001115cc       0x1c /opt/devkitpro/libctru/lib/libctru.a(gfx.o)
                0x001115cc                gfxIsWide
 .text.gfxSetScreenFormat
                0x001115e8       0xf8 /opt/devkitpro/libctru/lib/libctru.a(gfx.o)
                0x001115e8                gfxSetScreenFormat
 .text.gfxSetDoubleBuffering
                0x001116e0       0x10 /opt/devkitpro/libctru/lib/libctru.a(gfx.o)
                0x001116e0                gfxSetDoubleBuffering
 .text.gfxInit  0x001116f0       0xd8 /opt/devkitpro/libctru/lib/libctru.a(gfx.o)
                0x001116f0                gfxInit
 .text.gfxInitDefault
                0x001117c8       0x10 /opt/devkitpro/libctru/lib/libctru.a(gfx.o)
                0x001117c8                gfxInitDefault
 .text.gfxExit  0x001117d8       0xb8 /opt/devkitpro/libctru/lib/libctru.a(gfx.o)
                0x001117d8                gfxExit
 .text.gfxGetFramebuffer
                0x00111890       0xa0 /opt/devkitpro/libctru/lib/libctru.a(gfx.o)
                0x00111890                gfxGetFramebuffer
 .text.gfxFlushBuffers
                0x00111930      0x100 /opt/devkitpro/libctru/lib/libctru.a(gfx.o)
                0x00111930                gfxFlushBuffers
 .text.gfxSwapBuffers
                0x00111a30       0x50 /opt/devkitpro/libctru/lib/libctru.a(gfx.o)
                0x00111a30                gfxSwapBuffers
 .text.gfxSwapBuffersGpu
                0x00111a80       0x50 /opt/devkitpro/libctru/lib/libctru.a(gfx.o)
                0x00111a80                gfxSwapBuffersGpu
 .text.aptConvertScreenForCapture
                0x00111ad0      0x180 /opt/devkitpro/libctru/lib/libctru.a(apt.o)
 .text.aptDspSleep
                0x00111c50        0x8 /opt/devkitpro/libctru/lib/libctru.a(apt.o)
                0x00111c50                aptDspSleep
 .text.aptDspWakeup
                0x00111c58        0x4 /opt/devkitpro/libctru/lib/libctru.a(apt.o)
                0x00111c58                aptDspWakeup
 .text.aptDspCancel
                0x00111c5c        0x4 /opt/devkitpro/libctru/lib/libctru.a(apt.o)
                0x00111c5c                aptDspCancel
 .text.aptSendCommand
                0x00111c60      0x138 /opt/devkitpro/libctru/lib/libctru.a(apt.o)
                0x00111c60                aptSendCommand
 .text.aptExitProcess
                0x00111d98       0x44 /opt/devkitpro/libctru/lib/libctru.a(apt.o)
 .text.aptExit  0x00111ddc      0x394 /opt/devkitpro/libctru/lib/libctru.a(apt.o)
                0x00111ddc                aptExit
 .text.aptHandleSleep
                0x00112170       0xd8 /opt/devkitpro/libctru/lib/libctru.a(apt.o)
                0x00112170                aptHandleSleep
 .text.APT_SleepIfShellClosed
                0x00112248       0x84 /opt/devkitpro/libctru/lib/libctru.a(apt.o)
                0x00112248                APT_SleepIfShellClosed
 .text.aptSetSleepAllowed
                0x001122cc       0x78 /opt/devkitpro/libctru/lib/libctru.a(apt.o)
                0x001122cc                aptSetSleepAllowed
 .text.APT_UnlockTransition
                0x00112344       0x84 /opt/devkitpro/libctru/lib/libctru.a(apt.o)
                0x00112344                APT_UnlockTransition
 .text.aptEventHandler
                0x001123c8      0x470 /opt/devkitpro/libctru/lib/libctru.a(apt.o)
 .text.APT_ReceiveParameter
                0x00112838       0xbc /opt/devkitpro/libctru/lib/libctru.a(apt.o)
                0x00112838                APT_ReceiveParameter
 .text.aptReceiveParameter.constprop.0
                0x001128f4       0xb0 /opt/devkitpro/libctru/lib/libctru.a(apt.o)
 *fill*         0x001129a4        0x4 
 .text.aptScreenTransfer
                0x001129a8      0x294 /opt/devkitpro/libctru/lib/libctru.a(apt.o)
 .text.aptWaitForWakeUp.isra.0
                0x00112c3c      0x2d0 /opt/devkitpro/libctru/lib/libctru.a(apt.o)
 .text.aptJumpToHomeMenu
                0x00112f0c       0xf4 /opt/devkitpro/libctru/lib/libctru.a(apt.o)
                0x00112f0c                aptJumpToHomeMenu
 .text.aptMainLoop
                0x00113000       0x58 /opt/devkitpro/libctru/lib/libctru.a(apt.o)
                0x00113000                aptMainLoop
 .text.aptInit  0x00113058      0x240 /opt/devkitpro/libctru/lib/libctru.a(apt.o)
                0x00113058                aptInit
 .text.APT_CheckNew3DS
                0x00113298       0x90 /opt/devkitpro/libctru/lib/libctru.a(apt.o)
                0x00113298                APT_CheckNew3DS
 .text.gspHardwareInit
                0x00113328      0xc70 /opt/devkitpro/libctru/lib/libctru.a(gspgpu.o)
 .text.gspInit  0x00113f98      0x280 /opt/devkitpro/libctru/lib/libctru.a(gspgpu.o)
                0x00113f98                gspInit
 .text.gspExit  0x00114218      0x110 /opt/devkitpro/libctru/lib/libctru.a(gspgpu.o)
                0x00114218                gspExit
 .text.gspHasGpuRight
                0x00114328       0x10 /opt/devkitpro/libctru/lib/libctru.a(gspgpu.o)
                0x00114328                gspHasGpuRight
 .text.gspPresentBuffer
                0x00114338       0xa4 /opt/devkitpro/libctru/lib/libctru.a(gspgpu.o)
                0x00114338                gspPresentBuffer
 .text.gspWaitForEvent
                0x001143dc       0x50 /opt/devkitpro/libctru/lib/libctru.a(gspgpu.o)
                0x001143dc                gspWaitForEvent
 .text.gxCmdQueueInterrupt
                0x0011442c        0x4 /opt/devkitpro/libctru/lib/libctru.a(gspgpu.o)
                0x0011442c                gxCmdQueueInterrupt
 .text.gspEventThreadMain
                0x00114430      0x154 /opt/devkitpro/libctru/lib/libctru.a(gspgpu.o)
 .text.GSPGPU_FlushDataCache
                0x00114584       0x50 /opt/devkitpro/libctru/lib/libctru.a(gspgpu.o)
                0x00114584                GSPGPU_FlushDataCache
 .text.GSPGPU_SetLcdForceBlack
                0x001145d4       0x34 /opt/devkitpro/libctru/lib/libctru.a(gspgpu.o)
                0x001145d4                GSPGPU_SetLcdForceBlack
 .text.GSPGPU_AcquireRight
                0x00114608       0x80 /opt/devkitpro/libctru/lib/libctru.a(gspgpu.o)
                0x00114608                GSPGPU_AcquireRight
 .text.GSPGPU_ReleaseRight
                0x00114688       0x5c /opt/devkitpro/libctru/lib/libctru.a(gspgpu.o)
                0x00114688                GSPGPU_ReleaseRight
 .text.GSPGPU_ImportDisplayCaptureInfo
                0x001146e4       0x7c /opt/devkitpro/libctru/lib/libctru.a(gspgpu.o)
                0x001146e4                GSPGPU_ImportDisplayCaptureInfo
 .text.GSPGPU_SaveVramSysArea
                0x00114760       0x2c /opt/devkitpro/libctru/lib/libctru.a(gspgpu.o)
                0x00114760                GSPGPU_SaveVramSysArea
 .text.GSPGPU_RestoreVramSysArea
                0x0011478c       0x2c /opt/devkitpro/libctru/lib/libctru.a(gspgpu.o)
                0x0011478c                GSPGPU_RestoreVramSysArea
 .text.hidShouldUseIrrst
                0x001147b8       0x24 /opt/devkitpro/libctru/lib/libctru.a(hid.o)
                0x001147b8                hidShouldUseIrrst
 .text.hidInit  0x001147dc      0x1cc /opt/devkitpro/libctru/lib/libctru.a(hid.o)
                0x001147dc                hidInit
 .text.hidExit  0x001149a8       0xe8 /opt/devkitpro/libctru/lib/libctru.a(hid.o)
                0x001149a8                hidExit
 .text.hidScanInput
                0x00114a90      0x2a0 /opt/devkitpro/libctru/lib/libctru.a(hid.o)
                0x00114a90                hidScanInput
 .text.hidKeysDown
                0x00114d30       0x10 /opt/devkitpro/libctru/lib/libctru.a(hid.o)
                0x00114d30                hidKeysDown
 .text.httpcInit
                0x00114d40      0x1dc /opt/devkitpro/libctru/lib/libctru.a(httpc.o)
                0x00114d40                httpcInit
 .text.httpcExit
                0x00114f1c       0xbc /opt/devkitpro/libctru/lib/libctru.a(httpc.o)
                0x00114f1c                httpcExit
 .text.httpcOpenContext
                0x00114fd8      0x170 /opt/devkitpro/libctru/lib/libctru.a(httpc.o)
                0x00114fd8                httpcOpenContext
 .text.httpcCloseContext
                0x00115148       0x40 /opt/devkitpro/libctru/lib/libctru.a(httpc.o)
                0x00115148                httpcCloseContext
 .text.httpcAddRequestHeaderField
                0x00115188       0x8c /opt/devkitpro/libctru/lib/libctru.a(httpc.o)
                0x00115188                httpcAddRequestHeaderField
 .text.httpcBeginRequest
                0x00115214       0x30 /opt/devkitpro/libctru/lib/libctru.a(httpc.o)
                0x00115214                httpcBeginRequest
 .text.httpcReceiveData
                0x00115244       0x44 /opt/devkitpro/libctru/lib/libctru.a(httpc.o)
                0x00115244                httpcReceiveData
 .text.httpcGetDownloadSizeState
                0x00115288       0x64 /opt/devkitpro/libctru/lib/libctru.a(httpc.o)
                0x00115288                httpcGetDownloadSizeState
 .text.httpcGetResponseStatusCode
                0x001152ec       0x3c /opt/devkitpro/libctru/lib/libctru.a(httpc.o)
                0x001152ec                httpcGetResponseStatusCode
 .text.irrstInit
                0x00115328      0x1a4 /opt/devkitpro/libctru/lib/libctru.a(irrst.o)
                0x00115328                irrstInit
 .text.irrstExit
                0x001154cc       0xdc /opt/devkitpro/libctru/lib/libctru.a(irrst.o)
                0x001154cc                irrstExit
 .text.irrstScanInput
                0x001155a8       0xb4 /opt/devkitpro/libctru/lib/libctru.a(irrst.o)
                0x001155a8                irrstScanInput
 .text.irrstKeysHeld
                0x0011565c       0x24 /opt/devkitpro/libctru/lib/libctru.a(irrst.o)
                0x0011565c                irrstKeysHeld
 .text.__libctru_init
                0x00115680       0x38 /opt/devkitpro/libctru/lib/libctru.a(ctru_init.o)
                0x00115680                __libctru_init
 .text.__system_initArgv
                0x001156b8      0x16c /opt/devkitpro/libctru/lib/libctru.a(initArgv.o)
                0x001156b8                __system_initArgv
 .text.__syscall_getreent
                0x00115824       0x30 /opt/devkitpro/libctru/lib/libctru.a(syscalls.o)
                0x00115824                __syscall_getreent
 .text.__syscall_gettod_r
                0x00115854       0x64 /opt/devkitpro/libctru/lib/libctru.a(syscalls.o)
                0x00115854                __syscall_gettod_r
 .text.__syscall_lock_acquire
                0x001158b8        0x4 /opt/devkitpro/libctru/lib/libctru.a(syscalls.o)
                0x001158b8                __syscall_lock_acquire
 .text.__syscall_lock_release
                0x001158bc        0x4 /opt/devkitpro/libctru/lib/libctru.a(syscalls.o)
                0x001158bc                __syscall_lock_release
 .text.__syscall_lock_acquire_recursive
                0x001158c0        0x4 /opt/devkitpro/libctru/lib/libctru.a(syscalls.o)
                0x001158c0                __syscall_lock_acquire_recursive
 .text.__syscall_lock_release_recursive
                0x001158c4        0x4 /opt/devkitpro/libctru/lib/libctru.a(syscalls.o)
                0x001158c4                __syscall_lock_release_recursive
 .text.__syscall_exit
                0x001158c8        0x4 /opt/devkitpro/libctru/lib/libctru.a(syscalls.o)
                0x001158c8                __syscall_exit
 .text.initThreadVars
                0x001158cc       0x54 /opt/devkitpro/libctru/lib/libctru.a(syscalls.o)
                0x001158cc                initThreadVars
 .text.__system_initSyscalls
                0x00115920       0x80 /opt/devkitpro/libctru/lib/libctru.a(syscalls.o)
                0x00115920                __system_initSyscalls
 .text.svcControlMemory
                0x001159a0       0x20 /opt/devkitpro/libctru/lib/libctru.a(svc.o)
                0x001159a0                svcControlMemory
 .text.svcQueryMemory
                0x001159c0       0x30 /opt/devkitpro/libctru/lib/libctru.a(svc.o)
                0x001159c0                svcQueryMemory
 .text.svcExitProcess
                0x001159f0        0x8 /opt/devkitpro/libctru/lib/libctru.a(svc.o)
                0x001159f0                svcExitProcess
 .text.svcCreateThread
                0x001159f8       0x20 /opt/devkitpro/libctru/lib/libctru.a(svc.o)
                0x001159f8                svcCreateThread
 .text.svcExitThread
                0x00115a18        0x8 /opt/devkitpro/libctru/lib/libctru.a(svc.o)
                0x00115a18                svcExitThread
 .text.svcSleepThread
                0x00115a20        0x8 /opt/devkitpro/libctru/lib/libctru.a(svc.o)
                0x00115a20                svcSleepThread
 .text.svcReleaseMutex
                0x00115a28        0x8 /opt/devkitpro/libctru/lib/libctru.a(svc.o)
                0x00115a28                svcReleaseMutex
 .text.svcCreateEvent
                0x00115a30       0x14 /opt/devkitpro/libctru/lib/libctru.a(svc.o)
                0x00115a30                svcCreateEvent
 .text.svcSignalEvent
                0x00115a44        0x8 /opt/devkitpro/libctru/lib/libctru.a(svc.o)
                0x00115a44                svcSignalEvent
 .text.svcClearEvent
                0x00115a4c        0x8 /opt/devkitpro/libctru/lib/libctru.a(svc.o)
                0x00115a4c                svcClearEvent
 .text.svcCreateMemoryBlock
                0x00115a54       0x18 /opt/devkitpro/libctru/lib/libctru.a(svc.o)
                0x00115a54                svcCreateMemoryBlock
 .text.svcMapMemoryBlock
                0x00115a6c        0x8 /opt/devkitpro/libctru/lib/libctru.a(svc.o)
                0x00115a6c                svcMapMemoryBlock
 .text.svcUnmapMemoryBlock
                0x00115a74        0x8 /opt/devkitpro/libctru/lib/libctru.a(svc.o)
                0x00115a74                svcUnmapMemoryBlock
 .text.svcCreateAddressArbiter
                0x00115a7c       0x14 /opt/devkitpro/libctru/lib/libctru.a(svc.o)
                0x00115a7c                svcCreateAddressArbiter
 .text.svcArbitrateAddressNoTimeout
                0x00115a90        0x8 /opt/devkitpro/libctru/lib/libctru.a(svc.o)
                0x00115a90                svcArbitrateAddressNoTimeout
 .text.svcCloseHandle
                0x00115a98        0x8 /opt/devkitpro/libctru/lib/libctru.a(svc.o)
                0x00115a98                svcCloseHandle
 .text.svcWaitSynchronization
                0x00115aa0        0x8 /opt/devkitpro/libctru/lib/libctru.a(svc.o)
                0x00115aa0                svcWaitSynchronization
 .text.svcWaitSynchronizationN
                0x00115aa8       0x28 /opt/devkitpro/libctru/lib/libctru.a(svc.o)
                0x00115aa8                svcWaitSynchronizationN
 .text.svcDuplicateHandle
                0x00115ad0       0x14 /opt/devkitpro/libctru/lib/libctru.a(svc.o)
                0x00115ad0                svcDuplicateHandle
 .text.svcGetSystemTick
                0x00115ae4        0x8 /opt/devkitpro/libctru/lib/libctru.a(svc.o)
                0x00115ae4                svcGetSystemTick
 .text.svcConnectToPort
                0x00115aec       0x14 /opt/devkitpro/libctru/lib/libctru.a(svc.o)
                0x00115aec                svcConnectToPort
 .text.svcSendSyncRequest
                0x00115b00        0x8 /opt/devkitpro/libctru/lib/libctru.a(svc.o)
                0x00115b00                svcSendSyncRequest
 .text.svcGetResourceLimit
                0x00115b08       0x14 /opt/devkitpro/libctru/lib/libctru.a(svc.o)
                0x00115b08                svcGetResourceLimit
 .text.svcGetResourceLimitLimitValues
                0x00115b1c        0x8 /opt/devkitpro/libctru/lib/libctru.a(svc.o)
                0x00115b1c                svcGetResourceLimitLimitValues
 .text.svcGetResourceLimitCurrentValues
                0x00115b24        0x8 /opt/devkitpro/libctru/lib/libctru.a(svc.o)
                0x00115b24                svcGetResourceLimitCurrentValues
 .text.svcBreak
                0x00115b2c        0x8 /opt/devkitpro/libctru/lib/libctru.a(svc.o)
                0x00115b2c                svcBreak
 .text.__aeabi_read_tp
                0x00115b34        0xc /opt/devkitpro/libctru/lib/libctru.a(readtp.o)
                0x00115b34                __aeabi_read_tp
 .text.initSystem
                0x00115b40       0x50 /opt/devkitpro/libctru/lib/libctru.a(stack_adjust.o)
                0x00115b40                initSystem
 .text.__ctru_exit
                0x00115b90       0x14 /opt/devkitpro/libctru/lib/libctru.a(stack_adjust.o)
                0x00115b90                __ctru_exit
 .text._ZL21addrMapNodeComparatorPK11rbtree_nodeS1_
                0x00115ba4       0x24 /opt/devkitpro/libctru/lib/libctru.a(linear.o)
 .text._ZL21addrMapNodeDestructorP11rbtree_node
                0x00115bc8        0x4 /opt/devkitpro/libctru/lib/libctru.a(linear.o)
 .text.linearMemAlign
                0x00115bcc      0x12c /opt/devkitpro/libctru/lib/libctru.a(linear.o)
                0x00115bcc                linearMemAlign
 .text.linearAlloc
                0x00115cf8        0x8 /opt/devkitpro/libctru/lib/libctru.a(linear.o)
                0x00115cf8                linearAlloc
 .text.linearFree
                0x00115d00       0x5c /opt/devkitpro/libctru/lib/libctru.a(linear.o)
                0x00115d00                linearFree
 .text._ZN7MemPool13CoalesceRightEP8MemBlock
                0x00115d5c       0x88 /opt/devkitpro/libctru/lib/libctru.a(mem_pool.o)
                0x00115d5c                MemPool::CoalesceRight(MemBlock*)
 .text._ZN7MemPool8AllocateER8MemChunkmi
                0x00115de4      0x178 /opt/devkitpro/libctru/lib/libctru.a(mem_pool.o)
                0x00115de4                MemPool::Allocate(MemChunk&, unsigned long, int)
 .text._ZN7MemPool10DeallocateERK8MemChunk
                0x00115f5c      0x118 /opt/devkitpro/libctru/lib/libctru.a(mem_pool.o)
                0x00115f5c                MemPool::Deallocate(MemChunk const&)
 .text._ZN7MemPool12GetFreeSpaceEv
                0x00116074       0x30 /opt/devkitpro/libctru/lib/libctru.a(mem_pool.o)
                0x00116074                MemPool::GetFreeSpace()
 .text._ZL21addrMapNodeComparatorPK11rbtree_nodeS1_
                0x001160a4       0x24 /opt/devkitpro/libctru/lib/libctru.a(vram.o)
 .text._ZL21addrMapNodeDestructorP11rbtree_node
                0x001160c8        0x4 /opt/devkitpro/libctru/lib/libctru.a(vram.o)
 .text.vramMemAlignAt
                0x001160cc      0x248 /opt/devkitpro/libctru/lib/libctru.a(vram.o)
                0x001160cc                vramMemAlignAt
 .text.vramAlloc
                0x00116314        0xc /opt/devkitpro/libctru/lib/libctru.a(vram.o)
                0x00116314                vramAlloc
 .text.vramFree
                0x00116320       0x94 /opt/devkitpro/libctru/lib/libctru.a(vram.o)
                0x00116320                vramFree
 .text.envGetHandle
                0x001163b4       0x8c /opt/devkitpro/libctru/lib/libctru.a(env.o)
                0x001163b4                envGetHandle
 .text.envDestroyHandles
                0x00116440       0x50 /opt/devkitpro/libctru/lib/libctru.a(env.o)
                0x00116440                envDestroyHandles
 .text.osGetTimeRef
                0x00116490       0x54 /opt/devkitpro/libctru/lib/libctru.a(os.o)
                0x00116490                osGetTimeRef
 .text.osGetTime
                0x001164e4       0xec /opt/devkitpro/libctru/lib/libctru.a(os.o)
                0x001164e4                osGetTime
 .text.__ctru_speedup_config
                0x001165d0       0x34 /opt/devkitpro/libctru/lib/libctru.a(os.o)
                0x001165d0                __ctru_speedup_config
 .text.srvInit  0x00116604      0x164 /opt/devkitpro/libctru/lib/libctru.a(srv.o)
                0x00116604                srvInit
 .text.srvExit  0x00116768       0x64 /opt/devkitpro/libctru/lib/libctru.a(srv.o)
                0x00116768                srvExit
 .text.srvEnableNotification
                0x001167cc       0x60 /opt/devkitpro/libctru/lib/libctru.a(srv.o)
                0x001167cc                srvEnableNotification
 .text.srvGetServiceHandleDirect
                0x0011682c       0xa0 /opt/devkitpro/libctru/lib/libctru.a(srv.o)
                0x0011682c                srvGetServiceHandleDirect
 .text.srvGetServiceHandle
                0x001168cc       0x48 /opt/devkitpro/libctru/lib/libctru.a(srv.o)
                0x001168cc                srvGetServiceHandle
 .text.srvSubscribe
                0x00116914       0x34 /opt/devkitpro/libctru/lib/libctru.a(srv.o)
                0x00116914                srvSubscribe
 .text.srvReceiveNotification
                0x00116948       0x60 /opt/devkitpro/libctru/lib/libctru.a(srv.o)
                0x00116948                srvReceiveNotification
 .text.srvPublishToSubscriber
                0x001169a8       0x38 /opt/devkitpro/libctru/lib/libctru.a(srv.o)
                0x001169a8                srvPublishToSubscriber
 .text.__sync_init
                0x001169e0        0xc /opt/devkitpro/libctru/lib/libctru.a(synchronization.o)
                0x001169e0                __sync_init
 .text.__sync_fini
                0x001169ec       0x18 /opt/devkitpro/libctru/lib/libctru.a(synchronization.o)
                0x001169ec                __sync_fini
 .text.syncArbitrateAddress
                0x00116a04       0x28 /opt/devkitpro/libctru/lib/libctru.a(synchronization.o)
                0x00116a04                syncArbitrateAddress
 .text.LightLock_Lock
                0x00116a2c       0xac /opt/devkitpro/libctru/lib/libctru.a(synchronization.o)
                0x00116a2c                LightLock_Lock
 .text.LightLock_Unlock
                0x00116ad8       0x40 /opt/devkitpro/libctru/lib/libctru.a(synchronization.o)
                0x00116ad8                LightLock_Unlock
 .text.RecursiveLock_Lock
                0x00116b18       0x54 /opt/devkitpro/libctru/lib/libctru.a(synchronization.o)
                0x00116b18                RecursiveLock_Lock
 .text.RecursiveLock_Unlock
                0x00116b6c       0x54 /opt/devkitpro/libctru/lib/libctru.a(synchronization.o)
                0x00116b6c                RecursiveLock_Unlock
 .text.LightEvent_Init
                0x00116bc0       0x44 /opt/devkitpro/libctru/lib/libctru.a(synchronization.o)
                0x00116bc0                LightEvent_Init
 .text.LightEvent_Clear
                0x00116c04       0xb8 /opt/devkitpro/libctru/lib/libctru.a(synchronization.o)
                0x00116c04                LightEvent_Clear
 .text.LightEvent_Signal
                0x00116cbc       0xdc /opt/devkitpro/libctru/lib/libctru.a(synchronization.o)
                0x00116cbc                LightEvent_Signal
 .text.LightEvent_TryWait
                0x00116d98       0x50 /opt/devkitpro/libctru/lib/libctru.a(synchronization.o)
                0x00116d98                LightEvent_TryWait
 .text.LightEvent_Wait
                0x00116de8       0xac /opt/devkitpro/libctru/lib/libctru.a(synchronization.o)
                0x00116de8                LightEvent_Wait
 .text.threadCreate
                0x00116e94      0x1fc /opt/devkitpro/libctru/lib/libctru.a(thread.o)
                0x00116e94                threadCreate
 .text.threadFree
                0x00117090       0x38 /opt/devkitpro/libctru/lib/libctru.a(thread.o)
                0x00117090                threadFree
 .text.threadJoin
                0x001170c8       0x24 /opt/devkitpro/libctru/lib/libctru.a(thread.o)
                0x001170c8                threadJoin
 .text.threadGetCurrent
                0x001170ec       0x30 /opt/devkitpro/libctru/lib/libctru.a(thread.o)
                0x001170ec                threadGetCurrent
 .text.threadExit
                0x0011711c       0x40 /opt/devkitpro/libctru/lib/libctru.a(thread.o)
                0x0011711c                threadExit
 .text._thread_begin
                0x0011715c       0x20 /opt/devkitpro/libctru/lib/libctru.a(thread.o)
 .text.mappableFindAddressWithin
                0x0011717c       0x90 /opt/devkitpro/libctru/lib/libctru.a(mappable.o)
 .text.mappableInit
                0x0011720c       0x28 /opt/devkitpro/libctru/lib/libctru.a(mappable.o)
                0x0011720c                mappableInit
 .text.mappableAlloc
                0x00117234       0x7c /opt/devkitpro/libctru/lib/libctru.a(mappable.o)
                0x00117234                mappableAlloc
 .text.mappableFree
                0x001172b0        0x4 /opt/devkitpro/libctru/lib/libctru.a(mappable.o)
                0x001172b0                mappableFree
 .text.ptmSysmInit
                0x001172b4       0x78 /opt/devkitpro/libctru/lib/libctru.a(ptmsysm.o)
                0x001172b4                ptmSysmInit
 .text.ptmSysmExit
                0x0011732c       0x3c /opt/devkitpro/libctru/lib/libctru.a(ptmsysm.o)
                0x0011732c                ptmSysmExit
 .text.PTMSYSM_ConfigureNew3DSCPU
                0x00117368       0x34 /opt/devkitpro/libctru/lib/libctru.a(ptmsysm.o)
                0x00117368                PTMSYSM_ConfigureNew3DSCPU
 .text.srvPmGetSessionHandle
                0x0011739c        0xc /opt/devkitpro/libctru/lib/libctru.a(srvpm.o)
                0x0011739c                srvPmGetSessionHandle
 .text.rbtree_find
                0x001173a8       0x74 /opt/devkitpro/libctru/lib/libctru.a(rbtree_find.o)
                0x001173a8                rbtree_find
 .text.rbtree_init
                0x0011741c       0x10 /opt/devkitpro/libctru/lib/libctru.a(rbtree_init.o)
                0x0011741c                rbtree_init
 .text.do_insert
                0x0011742c      0x198 /opt/devkitpro/libctru/lib/libctru.a(rbtree_insert.o)
 .text.rbtree_insert
                0x001175c4        0x8 /opt/devkitpro/libctru/lib/libctru.a(rbtree_insert.o)
                0x001175c4                rbtree_insert
 .text.rbtree_remove
                0x001175cc      0x310 /opt/devkitpro/libctru/lib/libctru.a(rbtree_remove.o)
                0x001175cc                rbtree_remove
 .text.rbtree_rotate
                0x001178dc       0x90 /opt/devkitpro/libctru/lib/libctru.a(rbtree_rotate.o)
                0x001178dc                rbtree_rotate
 *fill*         0x0011796c        0x4 
 .text.__system_allocateHeaps
                0x00117970      0x1e8 /opt/devkitpro/libctru/lib/libctru.a(allocateHeaps.o)
                0x00117970                __system_allocateHeaps
 .text.__appExit
                0x00117b58       0x30 /opt/devkitpro/libctru/lib/libctru.a(appExit.o)
                0x00117b58                __appExit
 .text.__appInit
                0x00117b88       0x30 /opt/devkitpro/libctru/lib/libctru.a(appInit.o)
                0x00117b88                __appInit
 .text.__libctru_exit
                0x00117bb8       0x90 /opt/devkitpro/libctru/lib/libctru.a(ctru_exit.o)
                0x00117bb8                __libctru_exit
 .text.archive_link
                0x00117c48       0x14 /opt/devkitpro/libctru/lib/libctru.a(archive_dev.o)
 .text.archive_dirreset
                0x00117c5c       0x14 /opt/devkitpro/libctru/lib/libctru.a(archive_dev.o)
 .text.archive_chmod
                0x00117c70       0x14 /opt/devkitpro/libctru/lib/libctru.a(archive_dev.o)
 .text.error_cmp
                0x00117c84       0x24 /opt/devkitpro/libctru/lib/libctru.a(archive_dev.o)
 .text.archive_translate_error
                0x00117ca8       0x50 /opt/devkitpro/libctru/lib/libctru.a(archive_dev.o)
 .text.archive_seek
                0x00117cf8       0xc0 /opt/devkitpro/libctru/lib/libctru.a(archive_dev.o)
 .text._archiveInit.part.0
                0x00117db8       0x78 /opt/devkitpro/libctru/lib/libctru.a(archive_dev.o)
 .text.archiveFindDevice.part.0
                0x00117e30       0xd4 /opt/devkitpro/libctru/lib/libctru.a(archive_dev.o)
 .text.archive_utf16path
                0x00117f04      0x298 /opt/devkitpro/libctru/lib/libctru.a(archive_dev.o)
 .text._archiveUnmountDeviceStruct.part.0
                0x0011819c       0x98 /opt/devkitpro/libctru/lib/libctru.a(archive_dev.o)
 .text.archive_statvfs
                0x00118234       0x14 /opt/devkitpro/libctru/lib/libctru.a(archive_dev.o)
 .text.archive_fchmod
                0x00118248       0x14 /opt/devkitpro/libctru/lib/libctru.a(archive_dev.o)
 .text._archiveMountDevice
                0x0011825c      0x178 /opt/devkitpro/libctru/lib/libctru.a(archive_dev.o)
 .text.archive_diropen
                0x001183d4       0xf8 /opt/devkitpro/libctru/lib/libctru.a(archive_dev.o)
 .text.archive_fstat
                0x001184cc       0xac /opt/devkitpro/libctru/lib/libctru.a(archive_dev.o)
 .text.archive_fsync
                0x00118578       0x74 /opt/devkitpro/libctru/lib/libctru.a(archive_dev.o)
 .text.archive_close
                0x001185ec       0x74 /opt/devkitpro/libctru/lib/libctru.a(archive_dev.o)
 .text.archive_dirclose
                0x00118660       0x78 /opt/devkitpro/libctru/lib/libctru.a(archive_dev.o)
 .text.sdmc_statvfs
                0x001186d8       0xec /opt/devkitpro/libctru/lib/libctru.a(archive_dev.o)
 .text.archive_chdir
                0x001187c4       0xf8 /opt/devkitpro/libctru/lib/libctru.a(archive_dev.o)
 .text.archive_ftruncate
                0x001188bc       0x8c /opt/devkitpro/libctru/lib/libctru.a(archive_dev.o)
 .text.archive_read
                0x00118948       0xbc /opt/devkitpro/libctru/lib/libctru.a(archive_dev.o)
 .text.archive_unlink
                0x00118a04       0xa8 /opt/devkitpro/libctru/lib/libctru.a(archive_dev.o)
 .text.archive_rmdir
                0x00118aac       0xc0 /opt/devkitpro/libctru/lib/libctru.a(archive_dev.o)
 .text.archive_mkdir
                0x00118b6c       0xd8 /opt/devkitpro/libctru/lib/libctru.a(archive_dev.o)
 .text.archive_stat
                0x00118c44      0x1a0 /opt/devkitpro/libctru/lib/libctru.a(archive_dev.o)
 .text.archive_dirnext
                0x00118de4      0x164 /opt/devkitpro/libctru/lib/libctru.a(archive_dev.o)
 .text.archive_write
                0x00118f48      0x13c /opt/devkitpro/libctru/lib/libctru.a(archive_dev.o)
 *fill*         0x00119084        0x4 
 .text.archive_open
                0x00119088      0x254 /opt/devkitpro/libctru/lib/libctru.a(archive_dev.o)
 .text.archive_rename
                0x001192dc      0x270 /opt/devkitpro/libctru/lib/libctru.a(archive_dev.o)
 .text.archiveMountSdmc
                0x0011954c      0x1c8 /opt/devkitpro/libctru/lib/libctru.a(archive_dev.o)
                0x0011954c                archiveMountSdmc
 .text.archiveUnmountAll
                0x00119714       0x54 /opt/devkitpro/libctru/lib/libctru.a(archive_dev.o)
                0x00119714                archiveUnmountAll
 .text.fsInit   0x00119768      0x104 /opt/devkitpro/libctru/lib/libctru.a(fs.o)
                0x00119768                fsInit
 .text.fsExit   0x0011986c       0x3c /opt/devkitpro/libctru/lib/libctru.a(fs.o)
                0x0011986c                fsExit
 .text.fsExemptFromSession
                0x001198a8       0x68 /opt/devkitpro/libctru/lib/libctru.a(fs.o)
                0x001198a8                fsExemptFromSession
 .text.fsUnexemptFromSession
                0x00119910       0x50 /opt/devkitpro/libctru/lib/libctru.a(fs.o)
                0x00119910                fsUnexemptFromSession
 .text.FSUSER_OpenFile
                0x00119960       0xcc /opt/devkitpro/libctru/lib/libctru.a(fs.o)
                0x00119960                FSUSER_OpenFile
 .text.FSUSER_DeleteFile
                0x00119a2c       0xb8 /opt/devkitpro/libctru/lib/libctru.a(fs.o)
                0x00119a2c                FSUSER_DeleteFile
 .text.FSUSER_RenameFile
                0x00119ae4       0xf4 /opt/devkitpro/libctru/lib/libctru.a(fs.o)
                0x00119ae4                FSUSER_RenameFile
 .text.FSUSER_DeleteDirectory
                0x00119bd8       0xb8 /opt/devkitpro/libctru/lib/libctru.a(fs.o)
                0x00119bd8                FSUSER_DeleteDirectory
 .text.FSUSER_CreateFile
                0x00119c90       0xd0 /opt/devkitpro/libctru/lib/libctru.a(fs.o)
                0x00119c90                FSUSER_CreateFile
 .text.FSUSER_CreateDirectory
                0x00119d60       0xc0 /opt/devkitpro/libctru/lib/libctru.a(fs.o)
                0x00119d60                FSUSER_CreateDirectory
 .text.FSUSER_RenameDirectory
                0x00119e20       0xf4 /opt/devkitpro/libctru/lib/libctru.a(fs.o)
                0x00119e20                FSUSER_RenameDirectory
 .text.FSUSER_OpenDirectory
                0x00119f14       0xb4 /opt/devkitpro/libctru/lib/libctru.a(fs.o)
                0x00119f14                FSUSER_OpenDirectory
 .text.FSUSER_OpenArchive
                0x00119fc8       0x90 /opt/devkitpro/libctru/lib/libctru.a(fs.o)
                0x00119fc8                FSUSER_OpenArchive
 .text.FSUSER_CloseArchive
                0x0011a058       0x8c /opt/devkitpro/libctru/lib/libctru.a(fs.o)
                0x0011a058                FSUSER_CloseArchive
 .text.FSUSER_GetSdmcArchiveResource
                0x0011a0e4       0x74 /opt/devkitpro/libctru/lib/libctru.a(fs.o)
                0x0011a0e4                FSUSER_GetSdmcArchiveResource
 .text.FSUSER_IsSdmcWritable
                0x0011a158       0x64 /opt/devkitpro/libctru/lib/libctru.a(fs.o)
                0x0011a158                FSUSER_IsSdmcWritable
 .text.FSFILE_Read
                0x0011a1bc       0x64 /opt/devkitpro/libctru/lib/libctru.a(fs.o)
                0x0011a1bc                FSFILE_Read
 .text.FSFILE_Write
                0x0011a220       0x6c /opt/devkitpro/libctru/lib/libctru.a(fs.o)
                0x0011a220                FSFILE_Write
 .text.FSFILE_GetSize
                0x0011a28c       0x44 /opt/devkitpro/libctru/lib/libctru.a(fs.o)
                0x0011a28c                FSFILE_GetSize
 .text.FSFILE_SetSize
                0x0011a2d0       0x28 /opt/devkitpro/libctru/lib/libctru.a(fs.o)
                0x0011a2d0                FSFILE_SetSize
 .text.FSFILE_Close
                0x0011a2f8       0x3c /opt/devkitpro/libctru/lib/libctru.a(fs.o)
                0x0011a2f8                FSFILE_Close
 .text.FSFILE_Flush
                0x0011a334       0x24 /opt/devkitpro/libctru/lib/libctru.a(fs.o)
                0x0011a334                FSFILE_Flush
 .text.FSDIR_Read
                0x0011a358       0x60 /opt/devkitpro/libctru/lib/libctru.a(fs.o)
                0x0011a358                FSDIR_Read
 .text.FSDIR_Close
                0x0011a3b8       0x3c /opt/devkitpro/libctru/lib/libctru.a(fs.o)
                0x0011a3b8                FSDIR_Close
 .text.rbtree_node_next
                0x0011a3f4       0x60 /opt/devkitpro/libctru/lib/libctru.a(rbtree_iterator.o)
                0x0011a3f4                rbtree_node_next
 .text.decode_utf8
                0x0011a454      0x140 /opt/devkitpro/libctru/lib/libctru.a(decode_utf8.o)
                0x0011a454                decode_utf8
 .text.utf16_to_utf8
                0x0011a594       0xe8 /opt/devkitpro/libctru/lib/libctru.a(utf16_to_utf8.o)
                0x0011a594                utf16_to_utf8
 .text.utf8_to_utf16
                0x0011a67c       0xc0 /opt/devkitpro/libctru/lib/libctru.a(utf8_to_utf16.o)
                0x0011a67c                utf8_to_utf16
 .text.decode_utf16
                0x0011a73c       0x54 /opt/devkitpro/libctru/lib/libctru.a(decode_utf16.o)
                0x0011a73c                decode_utf16
 .text.encode_utf16
                0x0011a790       0x54 /opt/devkitpro/libctru/lib/libctru.a(encode_utf16.o)
                0x0011a790                encode_utf16
 .text.encode_utf8
                0x0011a7e4       0xe0 /opt/devkitpro/libctru/lib/libctru.a(encode_utf8.o)
                0x0011a7e4                encode_utf8
 *fill*         0x0011a8c4        0x4 
 .text.pow      0x0011a8c8      0x740 /opt/devkitpro/devkitARM/bin/../lib/gcc/arm-none-eabi/15.1.0/../../../../arm-none-eabi/lib/armv6k/fpu/libm.a(libm_a-pow.o)
                0x0011a8c8                pow
 .text.ldexp    0x0011b008       0x8c /opt/devkitpro/devkitARM/bin/../lib/gcc/arm-none-eabi/15.1.0/../../../../arm-none-eabi/lib/armv6k/fpu/libm.a(libm_a-s_ldexp.o)
                0x0011b008                ldexp
 .text.finite   0x0011b094       0x14 /opt/devkitpro/devkitARM/bin/../lib/gcc/arm-none-eabi/15.1.0/../../../../arm-none-eabi/lib/armv6k/fpu/libm.a(libm_a-s_finite.o)
                0x0011b094                finite
 .text.with_errno
                0x0011b0a8       0x24 /opt/devkitpro/devkitARM/bin/../lib/gcc/arm-none-eabi/15.1.0/../../../../arm-none-eabi/lib/armv6k/fpu/libm.a(libm_a-math_err.o)
 .text.xflow    0x0011b0cc       0x28 /opt/devkitpro/devkitARM/bin/../lib/gcc/arm-none-eabi/15.1.0/../../../../arm-none-eabi/lib/armv6k/fpu/libm.a(libm_a-math_err.o)
 *fill*         0x0011b0f4        0x4 
 .text.__math_uflow
                0x0011b0f8       0x10 /opt/devkitpro/devkitARM/bin/../lib/gcc/arm-none-eabi/15.1.0/../../../../arm-none-eabi/lib/armv6k/fpu/libm.a(libm_a-math_err.o)
                0x0011b0f8                __math_uflow
 .text.__math_oflow
                0x0011b108       0x10 /opt/devkitpro/devkitARM/bin/../lib/gcc/arm-none-eabi/15.1.0/../../../../arm-none-eabi/lib/armv6k/fpu/libm.a(libm_a-math_err.o)
                0x0011b108                __math_oflow
 .text.__math_divzero
                0x0011b118       0x48 /opt/devkitpro/devkitARM/bin/../lib/gcc/arm-none-eabi/15.1.0/../../../../arm-none-eabi/lib/armv6k/fpu/libm.a(libm_a-math_err.o)
                0x0011b118                __math_divzero
 .text.__math_invalid
                0x0011b160       0x1c /opt/devkitpro/devkitARM/bin/../lib/gcc/arm-none-eabi/15.1.0/../../../../arm-none-eabi/lib/armv6k/fpu/libm.a(libm_a-math_err.o)
                0x0011b160                __math_invalid
 .text.__math_check_uflow
                0x0011b17c       0x14 /opt/devkitpro/devkitARM/bin/../lib/gcc/arm-none-eabi/15.1.0/../../../../arm-none-eabi/lib/armv6k/fpu/libm.a(libm_a-math_err.o)
                0x0011b17c                __math_check_uflow
 .text.__math_check_oflow
                0x0011b190       0x28 /opt/devkitpro/devkitARM/bin/../lib/gcc/arm-none-eabi/15.1.0/../../../../arm-none-eabi/lib/armv6k/fpu/libm.a(libm_a-math_err.o)
                0x0011b190                __math_check_oflow
 .text.scalbn   0x0011b1b8      0x140 /opt/devkitpro/devkitARM/bin/../lib/gcc/arm-none-eabi/15.1.0/../../../../arm-none-eabi/lib/armv6k/fpu/libm.a(libm_a-s_scalbn.o)
                0x0011b1b8                scalbn
 .text.__udivmoddi4
                0x0011b2f8      0x130 /opt/devkitpro/devkitARM/bin/../lib/gcc/arm-none-eabi/15.1.0/armv6k/fpu/libgcc.a(_udivmoddi4.o)
                0x0011b2f8                __udivmoddi4
 .text.strncmp  0x0011b428       0xd8 /opt/devkitpro/devkitARM/bin/../lib/gcc/arm-none-eabi/15.1.0/../../../../arm-none-eabi/lib/armv6k/fpu/libg.a(libc_a-strncmp.o)
                0x0011b428                strncmp
 .text.memmove  0x0011b500      0x16c /opt/devkitpro/devkitARM/bin/../lib/gcc/arm-none-eabi/15.1.0/../../../../arm-none-eabi/lib/armv6k/fpu/libg.a(libc_a-memmove.o)
                0x0011b500                memmove
 .text.__assert_func
                0x0011b66c       0x5c /opt/devkitpro/devkitARM/bin/../lib/gcc/arm-none-eabi/15.1.0/../../../../arm-none-eabi/lib/armv6k/fpu/libg.a(libc_a-assert.o)
                0x0011b66c                __assert_func
 .text._fclose_r
                0x0011b6c8      0x144 /opt/devkitpro/devkitARM/bin/../lib/gcc/arm-none-eabi/15.1.0/../../../../arm-none-eabi/lib/armv6k/fpu/libg.a(libc_a-fclose.o)
                0x0011b6c8                _fclose_r
 .text.__submore
                0x0011b80c       0xb8 /opt/devkitpro/devkitARM/bin/../lib/gcc/arm-none-eabi/15.1.0/../../../../arm-none-eabi/lib/armv6k/fpu/libg.a(libc_a-ungetc.o)
                0x0011b80c                __submore
 .text._ungetc_r
                0x0011b8c4      0x230 /opt/devkitpro/devkitARM/bin/../lib/gcc/arm-none-eabi/15.1.0/../../../../arm-none-eabi/lib/armv6k/fpu/libg.a(libc_a-ungetc.o)
                0x0011b8c4                _ungetc_r
 .text.ungetc   0x0011baf4       0x28 /opt/devkitpro/devkitARM/bin/../lib/gcc/arm-none-eabi/15.1.0/../../../../arm-none-eabi/lib/armv6k/fpu/libg.a(libc_a-ungetc.o)
                0x0011baf4                ungetc
 .text.strlen   0x0011bb1c       0x8c /opt/devkitpro/devkitARM/bin/../lib/gcc/arm-none-eabi/15.1.0/../../../../arm-none-eabi/lib/armv6k/fpu/libg.a(libc_a-strlen.o)
                0x0011bb1c                strlen
 .text.fiprintf
                0x0011bba8       0x3c /opt/devkitpro/devkitARM/bin/../lib/gcc/arm-none-eabi/15.1.0/../../../../arm-none-eabi/lib/armv6k/fpu/libg.a(libc_a-fiprintf.o)
                0x0011bba8                fiprintf
 .text.stdio_exit_handler
                0x0011bbe4       0x1c /opt/devkitpro/devkitARM/bin/../lib/gcc/arm-none-eabi/15.1.0/../../../../arm-none-eabi/lib/armv6k/fpu/libg.a(libc_a-findfp.o)
 .text.cleanup_stdio
                0x0011bc00       0x5c /opt/devkitpro/devkitARM/bin/../lib/gcc/arm-none-eabi/15.1.0/../../../../arm-none-eabi/lib/armv6k/fpu/libg.a(libc_a-findfp.o)
 .text.global_stdio_init.part.0
                0x0011bc5c      0x154 /opt/devkitpro/devkitARM/bin/../lib/gcc/arm-none-eabi/15.1.0/../../../../arm-none-eabi/lib/armv6k/fpu/libg.a(libc_a-findfp.o)
 .text.__sinit  0x0011bdb0       0x5c /opt/devkitpro/devkitARM/bin/../lib/gcc/arm-none-eabi/15.1.0/../../../../arm-none-eabi/lib/armv6k/fpu/libg.a(libc_a-findfp.o)
                0x0011bdb0                __sinit
 .text.__sfp_lock_acquire
                0x0011be0c        0xc /opt/devkitpro/devkitARM/bin/../lib/gcc/arm-none-eabi/15.1.0/../../../../arm-none-eabi/lib/armv6k/fpu/libg.a(libc_a-findfp.o)
                0x0011be0c                __sfp_lock_acquire
 .text.__sfp_lock_release
                0x0011be18        0xc /opt/devkitpro/devkitARM/bin/../lib/gcc/arm-none-eabi/15.1.0/../../../../arm-none-eabi/lib/armv6k/fpu/libg.a(libc_a-findfp.o)
                0x0011be18                __sfp_lock_release
 .text._strtoul_l.isra.0
                0x0011be24      0x1ec /opt/devkitpro/devkitARM/bin/../lib/gcc/arm-none-eabi/15.1.0/../../../../arm-none-eabi/lib/armv6k/fpu/libg.a(libc_a-strtoul.o)
 .text.strtoul  0x0011c010       0x3c /opt/devkitpro/devkitARM/bin/../lib/gcc/arm-none-eabi/15.1.0/../../../../arm-none-eabi/lib/armv6k/fpu/libg.a(libc_a-strtoul.o)
                0x0011c010                strtoul
 .text.__libc_init_array
                0x0011c04c       0x84 /opt/devkitpro/devkitARM/bin/../lib/gcc/arm-none-eabi/15.1.0/../../../../arm-none-eabi/lib/armv6k/fpu/libg.a(libc_a-init.o)
                0x0011c04c                __libc_init_array
 .text.strncat  0x0011c0d0       0x9c /opt/devkitpro/devkitARM/bin/../lib/gcc/arm-none-eabi/15.1.0/../../../../arm-none-eabi/lib/armv6k/fpu/libg.a(libc_a-strncat.o)
                0x0011c0d0                strncat
 .text._fwalk_sglue
                0x0011c16c       0x70 /opt/devkitpro/devkitARM/bin/../lib/gcc/arm-none-eabi/15.1.0/../../../../arm-none-eabi/lib/armv6k/fpu/libg.a(libc_a-fwalk.o)
                0x0011c16c                _fwalk_sglue
 .text.bsearch  0x0011c1dc       0x78 /opt/devkitpro/devkitARM/bin/../lib/gcc/arm-none-eabi/15.1.0/../../../../arm-none-eabi/lib/armv6k/fpu/libg.a(libc_a-bsearch.o)
                0x0011c1dc                bsearch
 .text.__errno  0x0011c254        0xc /opt/devkitpro/devkitARM/bin/../lib/gcc/arm-none-eabi/15.1.0/../../../../arm-none-eabi/lib/armv6k/fpu/libg.a(libc_a-errno.o)
                0x0011c254                __errno
 .text.calloc   0x0011c260       0x28 /opt/devkitpro/devkitARM/bin/../lib/gcc/arm-none-eabi/15.1.0/../../../../arm-none-eabi/lib/armv6k/fpu/libg.a(libc_a-calloc.o)
                0x0011c260                calloc
 .text.abort    0x0011c288       0x14 /opt/devkitpro/devkitARM/bin/../lib/gcc/arm-none-eabi/15.1.0/../../../../arm-none-eabi/lib/armv6k/fpu/libg.a(libc_a-abort.o)
                0x0011c288                abort
 .text._puts_r  0x0011c29c       0xe0 /opt/devkitpro/devkitARM/bin/../lib/gcc/arm-none-eabi/15.1.0/../../../../arm-none-eabi/lib/armv6k/fpu/libg.a(libc_a-puts.o)
                0x0011c29c                _puts_r
 .text.puts     0x0011c37c       0x20 /opt/devkitpro/devkitARM/bin/../lib/gcc/arm-none-eabi/15.1.0/../../../../arm-none-eabi/lib/armv6k/fpu/libg.a(libc_a-puts.o)
                0x0011c37c                puts
 .text._calloc_r
                0x0011c39c       0xd8 /opt/devkitpro/devkitARM/bin/../lib/gcc/arm-none-eabi/15.1.0/../../../../arm-none-eabi/lib/armv6k/fpu/libg.a(libc_a-callocr.o)
                0x0011c39c                _calloc_r
 .text.fgetc    0x0011c474       0xd8 /opt/devkitpro/devkitARM/bin/../lib/gcc/arm-none-eabi/15.1.0/../../../../arm-none-eabi/lib/armv6k/fpu/libg.a(libc_a-fgetc.o)
                0x0011c474                fgetc
 .text.realloc  0x0011c54c       0x28 /opt/devkitpro/devkitARM/bin/../lib/gcc/arm-none-eabi/15.1.0/../../../../arm-none-eabi/lib/armv6k/fpu/libg.a(libc_a-realloc.o)
                0x0011c54c                realloc
 .text.fseek    0x0011c574       0x34 /opt/devkitpro/devkitARM/bin/../lib/gcc/arm-none-eabi/15.1.0/../../../../arm-none-eabi/lib/armv6k/fpu/libg.a(libc_a-fseek.o)
                0x0011c574                fseek
 .text.memalign
                0x0011c5a8       0x28 /opt/devkitpro/devkitARM/bin/../lib/gcc/arm-none-eabi/15.1.0/../../../../arm-none-eabi/lib/armv6k/fpu/libg.a(libc_a-malign.o)
                0x0011c5a8                memalign
 .text.putchar  0x0011c5d0       0x24 /opt/devkitpro/devkitARM/bin/../lib/gcc/arm-none-eabi/15.1.0/../../../../arm-none-eabi/lib/armv6k/fpu/libg.a(libc_a-putchar.o)
                0x0011c5d0                putchar
 .text._malloc_r
                0x0011c5f4      0x82c /opt/devkitpro/devkitARM/bin/../lib/gcc/arm-none-eabi/15.1.0/../../../../arm-none-eabi/lib/armv6k/fpu/libg.a(libc_a-mallocr.o)
                0x0011c5f4                _malloc_r
 .text.gettimeofday
                0x0011ce20       0x28 /opt/devkitpro/devkitARM/bin/../lib/gcc/arm-none-eabi/15.1.0/../../../../arm-none-eabi/lib/armv6k/fpu/libg.a(libc_a-sysgettod.o)
                0x0011ce20                gettimeofday
 .text._malloc_trim_r
                0x0011ce48      0x114 /opt/devkitpro/devkitARM/bin/../lib/gcc/arm-none-eabi/15.1.0/../../../../arm-none-eabi/lib/armv6k/fpu/libg.a(libc_a-freer.o)
                0x0011ce48                _malloc_trim_r
 .text._free_r  0x0011cf5c      0x314 /opt/devkitpro/devkitARM/bin/../lib/gcc/arm-none-eabi/15.1.0/../../../../arm-none-eabi/lib/armv6k/fpu/libg.a(libc_a-freer.o)
                0x0011cf5c                _free_r
 .text.snprintf
                0x0011d270       0xa0 /opt/devkitpro/devkitARM/bin/../lib/gcc/arm-none-eabi/15.1.0/../../../../arm-none-eabi/lib/armv6k/fpu/libg.a(libc_a-snprintf.o)
                0x0011d270                snprintf
 .text.get_arg  0x0011d310      0x5e0 /opt/devkitpro/devkitARM/bin/../lib/gcc/arm-none-eabi/15.1.0/../../../../arm-none-eabi/lib/armv6k/fpu/libg.a(libc_a-svfprintf.o)
 .text._svfprintf_r
                0x0011d8f0     0x345c /opt/devkitpro/devkitARM/bin/../lib/gcc/arm-none-eabi/15.1.0/../../../../arm-none-eabi/lib/armv6k/fpu/libg.a(libc_a-svfprintf.o)
                0x0011d8f0                _svfprintf_r
 .text.printf   0x00120d4c       0x34 /opt/devkitpro/devkitARM/bin/../lib/gcc/arm-none-eabi/15.1.0/../../../../arm-none-eabi/lib/armv6k/fpu/libg.a(libc_a-printf.o)
                0x00120d4c                printf
 .text._strtol_l.part.0
                0x00120d80      0x384 /opt/devkitpro/devkitARM/bin/../lib/gcc/arm-none-eabi/15.1.0/../../../../arm-none-eabi/lib/armv6k/fpu/libg.a(libc_a-strtol.o)
 .text.strtol   0x00121104       0x74 /opt/devkitpro/devkitARM/bin/../lib/gcc/arm-none-eabi/15.1.0/../../../../arm-none-eabi/lib/armv6k/fpu/libg.a(libc_a-strtol.o)
                0x00121104                strtol
 .text.strnlen  0x00121178       0x3c /opt/devkitpro/devkitARM/bin/../lib/gcc/arm-none-eabi/15.1.0/../../../../arm-none-eabi/lib/armv6k/fpu/libg.a(libc_a-strnlen.o)
                0x00121178                strnlen
 .text.malloc   0x001211b4       0x40 /opt/devkitpro/devkitARM/bin/../lib/gcc/arm-none-eabi/15.1.0/../../../../arm-none-eabi/lib/armv6k/fpu/libg.a(libc_a-malloc.o)
                0x001211b4                malloc
 .text.free     0x001211f4       0x20 /opt/devkitpro/devkitARM/bin/../lib/gcc/arm-none-eabi/15.1.0/../../../../arm-none-eabi/lib/armv6k/fpu/libg.a(libc_a-malloc.o)
                0x001211f4                free
 .text.__sflush_r
                0x00121214      0x22c /opt/devkitpro/devkitARM/bin/../lib/gcc/arm-none-eabi/15.1.0/../../../../arm-none-eabi/lib/armv6k/fpu/libg.a(libc_a-fflush.o)
                0x00121214                __sflush_r
 .text._fflush_r
                0x00121440       0xc4 /opt/devkitpro/devkitARM/bin/../lib/gcc/arm-none-eabi/15.1.0/../../../../arm-none-eabi/lib/armv6k/fpu/libg.a(libc_a-fflush.o)
                0x00121440                _fflush_r
 .text.memset   0x00121504       0xe4 /opt/devkitpro/devkitARM/bin/../lib/gcc/arm-none-eabi/15.1.0/../../../../arm-none-eabi/lib/armv6k/fpu/libg.a(libc_a-memset.o)
                0x00121504                memset
 .text._realloc_r
                0x001215e8      0x4f0 /opt/devkitpro/devkitARM/bin/../lib/gcc/arm-none-eabi/15.1.0/../../../../arm-none-eabi/lib/armv6k/fpu/libg.a(libc_a-reallocr.o)
                0x001215e8                _realloc_r
 .text._fread_r
                0x00121ad8      0x334 /opt/devkitpro/devkitARM/bin/../lib/gcc/arm-none-eabi/15.1.0/../../../../arm-none-eabi/lib/armv6k/fpu/libg.a(libc_a-fread.o)
                0x00121ad8                _fread_r
 .text.fread    0x00121e0c       0x38 /opt/devkitpro/devkitARM/bin/../lib/gcc/arm-none-eabi/15.1.0/../../../../arm-none-eabi/lib/armv6k/fpu/libg.a(libc_a-fread.o)
                0x00121e0c                fread
 .text.__malloc_lock
                0x00121e44        0xc /opt/devkitpro/devkitARM/bin/../lib/gcc/arm-none-eabi/15.1.0/../../../../arm-none-eabi/lib/armv6k/fpu/libg.a(libc_a-mlock.o)
                0x00121e44                __malloc_lock
 .text.__malloc_unlock
                0x00121e50        0xc /opt/devkitpro/devkitARM/bin/../lib/gcc/arm-none-eabi/15.1.0/../../../../arm-none-eabi/lib/armv6k/fpu/libg.a(libc_a-mlock.o)
                0x00121e50                __malloc_unlock
 .text.__call_exitprocs
                0x00121e5c        0x4 /opt/devkitpro/devkitARM/bin/../lib/gcc/arm-none-eabi/15.1.0/../../../../arm-none-eabi/lib/armv6k/fpu/libg.a(libc_a-exit.o)
                0x00121e5c                __call_exitprocs
 .text.exit     0x00121e60       0x30 /opt/devkitpro/devkitARM/bin/../lib/gcc/arm-none-eabi/15.1.0/../../../../arm-none-eabi/lib/armv6k/fpu/libg.a(libc_a-exit.o)
                0x00121e60                exit
 .text.setvbuf  0x00121e90      0x294 /opt/devkitpro/devkitARM/bin/../lib/gcc/arm-none-eabi/15.1.0/../../../../arm-none-eabi/lib/armv6k/fpu/libg.a(libc_a-setvbuf.o)
                0x00121e90                setvbuf
 .text.__srget_r
                0x00122124       0x68 /opt/devkitpro/devkitARM/bin/../lib/gcc/arm-none-eabi/15.1.0/../../../../arm-none-eabi/lib/armv6k/fpu/libg.a(libc_a-rget.o)
                0x00122124                __srget_r
 .text.strncpy  0x0012218c       0xd4 /opt/devkitpro/devkitARM/bin/../lib/gcc/arm-none-eabi/15.1.0/../../../../arm-none-eabi/lib/armv6k/fpu/libg.a(libc_a-strncpy.o)
                0x0012218c                strncpy
 .text.memcpy   0x00122260      0x12c /opt/devkitpro/devkitARM/bin/../lib/gcc/arm-none-eabi/15.1.0/../../../../arm-none-eabi/lib/armv6k/fpu/libg.a(libc_a-memcpy-stub.o)
                0x00122260                memcpy
 .text._wcsrtombs_r
                0x0012238c       0x28 /opt/devkitpro/devkitARM/bin/../lib/gcc/arm-none-eabi/15.1.0/../../../../arm-none-eabi/lib/armv6k/fpu/libg.a(libc_a-wcsrtombs.o)
                0x0012238c                _wcsrtombs_r
 *fill*         0x001223b4        0x4 
 .text.frexp    0x001223b8       0x88 /opt/devkitpro/devkitARM/bin/../lib/gcc/arm-none-eabi/15.1.0/../../../../arm-none-eabi/lib/armv6k/fpu/libg.a(libm_a-s_frexp.o)
                0x001223b8                frexp
 .text.__sfvwrite_r
                0x00122440      0x4a4 /opt/devkitpro/devkitARM/bin/../lib/gcc/arm-none-eabi/15.1.0/../../../../arm-none-eabi/lib/armv6k/fpu/libg.a(libc_a-fvwrite.o)
                0x00122440                __sfvwrite_r
 .text.__sread  0x001228e4       0x44 /opt/devkitpro/devkitARM/bin/../lib/gcc/arm-none-eabi/15.1.0/../../../../arm-none-eabi/lib/armv6k/fpu/libg.a(libc_a-stdio.o)
                0x001228e4                __sread
 .text.__swrite
                0x00122928       0x68 /opt/devkitpro/devkitARM/bin/../lib/gcc/arm-none-eabi/15.1.0/../../../../arm-none-eabi/lib/armv6k/fpu/libg.a(libc_a-stdio.o)
                0x00122928                __swrite
 .text.__sseek  0x00122990       0x40 /opt/devkitpro/devkitARM/bin/../lib/gcc/arm-none-eabi/15.1.0/../../../../arm-none-eabi/lib/armv6k/fpu/libg.a(libc_a-stdio.o)
                0x00122990                __sseek
 .text.__sclose
                0x001229d0        0x8 /opt/devkitpro/devkitARM/bin/../lib/gcc/arm-none-eabi/15.1.0/../../../../arm-none-eabi/lib/armv6k/fpu/libg.a(libc_a-stdio.o)
                0x001229d0                __sclose
 .text._raise_r
                0x001229d8       0x9c /opt/devkitpro/devkitARM/bin/../lib/gcc/arm-none-eabi/15.1.0/../../../../arm-none-eabi/lib/armv6k/fpu/libg.a(libc_a-signal.o)
                0x001229d8                _raise_r
 .text.raise    0x00122a74       0x20 /opt/devkitpro/devkitARM/bin/../lib/gcc/arm-none-eabi/15.1.0/../../../../arm-none-eabi/lib/armv6k/fpu/libg.a(libc_a-signal.o)
                0x00122a74                raise
 .text.__locale_mb_cur_max
                0x00122a94       0x24 /opt/devkitpro/devkitARM/bin/../lib/gcc/arm-none-eabi/15.1.0/../../../../arm-none-eabi/lib/armv6k/fpu/libg.a(libc_a-locale.o)
                0x00122a94                __locale_mb_cur_max
 .text.__ssprint_r
                0x00122ab8       0xa4 /opt/devkitpro/devkitARM/bin/../lib/gcc/arm-none-eabi/15.1.0/../../../../arm-none-eabi/lib/armv6k/fpu/libg.a(libc_a-ssprint_r.o)
                0x00122ab8                __ssprint_r
 .text.get_arg  0x00122b5c      0x5e0 /opt/devkitpro/devkitARM/bin/../lib/gcc/arm-none-eabi/15.1.0/../../../../arm-none-eabi/lib/armv6k/fpu/libg.a(libc_a-vfiprintf.o)
 .text._vfiprintf_r
                0x0012313c     0x22f8 /opt/devkitpro/devkitARM/bin/../lib/gcc/arm-none-eabi/15.1.0/../../../../arm-none-eabi/lib/armv6k/fpu/libg.a(libc_a-vfiprintf.o)
                0x0012313c                _vfiprintf_r
 .text.__sbprintf
                0x00125434       0xb4 /opt/devkitpro/devkitARM/bin/../lib/gcc/arm-none-eabi/15.1.0/../../../../arm-none-eabi/lib/armv6k/fpu/libg.a(libc_a-vfiprintf.o)
 .text._memalign_r
                0x001254e8      0x16c /opt/devkitpro/devkitARM/bin/../lib/gcc/arm-none-eabi/15.1.0/../../../../arm-none-eabi/lib/armv6k/fpu/libg.a(libc_a-malignr.o)
                0x001254e8                _memalign_r
 .text._wcsnrtombs_l
                0x00125654      0x15c /opt/devkitpro/devkitARM/bin/../lib/gcc/arm-none-eabi/15.1.0/../../../../arm-none-eabi/lib/armv6k/fpu/libg.a(libc_a-wcsnrtombs.o)
                0x00125654                _wcsnrtombs_l
 .text._wcsnrtombs_r
                0x001257b0       0x64 /opt/devkitpro/devkitARM/bin/../lib/gcc/arm-none-eabi/15.1.0/../../../../arm-none-eabi/lib/armv6k/fpu/libg.a(libc_a-wcsnrtombs.o)
                0x001257b0                _wcsnrtombs_r
 .text._putc_r  0x00125814       0xfc /opt/devkitpro/devkitARM/bin/../lib/gcc/arm-none-eabi/15.1.0/../../../../arm-none-eabi/lib/armv6k/fpu/libg.a(libc_a-putc.o)
                0x00125814                _putc_r
 .text.__utf8_mbtowc
                0x00125910      0x340 /opt/devkitpro/devkitARM/bin/../lib/gcc/arm-none-eabi/15.1.0/../../../../arm-none-eabi/lib/armv6k/fpu/libg.a(libc_a-mbtowc_r.o)
                0x00125910                __utf8_mbtowc
 .text._fseeko_r
                0x00125c50      0x588 /opt/devkitpro/devkitARM/bin/../lib/gcc/arm-none-eabi/15.1.0/../../../../arm-none-eabi/lib/armv6k/fpu/libg.a(libc_a-fseeko.o)
                0x00125c50                _fseeko_r
 .text.__sprint_r
                0x001261d8       0x30 /opt/devkitpro/devkitARM/bin/../lib/gcc/arm-none-eabi/15.1.0/../../../../arm-none-eabi/lib/armv6k/fpu/libg.a(libc_a-sprint_r.o)
                0x001261d8                __sprint_r
 .text._localeconv_r
                0x00126208       0x24 /opt/devkitpro/devkitARM/bin/../lib/gcc/arm-none-eabi/15.1.0/../../../../arm-none-eabi/lib/armv6k/fpu/libg.a(libc_a-localeconv.o)
                0x00126208                _localeconv_r
 .text.get_arg  0x0012622c      0x5e0 /opt/devkitpro/devkitARM/bin/../lib/gcc/arm-none-eabi/15.1.0/../../../../arm-none-eabi/lib/armv6k/fpu/libg.a(libc_a-vfprintf.o)
 *fill*         0x0012680c        0x4 
 .text._vfprintf_r
                0x00126810     0x3554 /opt/devkitpro/devkitARM/bin/../lib/gcc/arm-none-eabi/15.1.0/../../../../arm-none-eabi/lib/armv6k/fpu/libg.a(libc_a-vfprintf.o)
                0x00126810                _vfprintf_r
 .text.__sbprintf
                0x00129d64       0xb4 /opt/devkitpro/devkitARM/bin/../lib/gcc/arm-none-eabi/15.1.0/../../../../arm-none-eabi/lib/armv6k/fpu/libg.a(libc_a-vfprintf.o)
 .text.memchr   0x00129e18       0xe8 /opt/devkitpro/devkitARM/bin/../lib/gcc/arm-none-eabi/15.1.0/../../../../arm-none-eabi/lib/armv6k/fpu/libg.a(libc_a-memchr-stub.o)
                0x00129e18                memchr
 .text.quorem   0x00129f00      0x1c0 /opt/devkitpro/devkitARM/bin/../lib/gcc/arm-none-eabi/15.1.0/../../../../arm-none-eabi/lib/armv6k/fpu/libg.a(libc_a-dtoa.o)
 .text._dtoa_r  0x0012a0c0     0x13f0 /opt/devkitpro/devkitARM/bin/../lib/gcc/arm-none-eabi/15.1.0/../../../../arm-none-eabi/lib/armv6k/fpu/libg.a(libc_a-dtoa.o)
                0x0012a0c0                _dtoa_r
 .text._wcrtomb_r
                0x0012b4b0       0xa0 /opt/devkitpro/devkitARM/bin/../lib/gcc/arm-none-eabi/15.1.0/../../../../arm-none-eabi/lib/armv6k/fpu/libg.a(libc_a-wcrtomb.o)
                0x0012b4b0                _wcrtomb_r
 .text.__libc_fini_array
                0x0012b550       0x3c /opt/devkitpro/devkitARM/bin/../lib/gcc/arm-none-eabi/15.1.0/../../../../arm-none-eabi/lib/armv6k/fpu/libg.a(libc_a-fini.o)
                0x0012b550                __libc_fini_array
 .text.lflush   0x0012b58c       0x38 /opt/devkitpro/devkitARM/bin/../lib/gcc/arm-none-eabi/15.1.0/../../../../arm-none-eabi/lib/armv6k/fpu/libg.a(libc_a-refill.o)
 .text.__srefill_r
                0x0012b5c4      0x1a8 /opt/devkitpro/devkitARM/bin/../lib/gcc/arm-none-eabi/15.1.0/../../../../arm-none-eabi/lib/armv6k/fpu/libg.a(libc_a-refill.o)
                0x0012b5c4                __srefill_r
 .text.__smakebuf_r
                0x0012b76c      0x164 /opt/devkitpro/devkitARM/bin/../lib/gcc/arm-none-eabi/15.1.0/../../../../arm-none-eabi/lib/armv6k/fpu/libg.a(libc_a-makebuf.o)
                0x0012b76c                __smakebuf_r
 .text.__swhatbuf_r
                0x0012b8d0       0x90 /opt/devkitpro/devkitARM/bin/../lib/gcc/arm-none-eabi/15.1.0/../../../../arm-none-eabi/lib/armv6k/fpu/libg.a(libc_a-makebuf.o)
                0x0012b8d0                __swhatbuf_r
 .text.__ssputs_r
                0x0012b960      0x12c /opt/devkitpro/devkitARM/bin/../lib/gcc/arm-none-eabi/15.1.0/../../../../arm-none-eabi/lib/armv6k/fpu/libg.a(libc_a-ssputs_r.o)
                0x0012b960                __ssputs_r
 .text.__utf8_wctomb
                0x0012ba8c       0xf8 /opt/devkitpro/devkitARM/bin/../lib/gcc/arm-none-eabi/15.1.0/../../../../arm-none-eabi/lib/armv6k/fpu/libg.a(libc_a-wctomb_r.o)
                0x0012ba8c                __utf8_wctomb
 .text.__swsetup_r
                0x0012bb84      0x140 /opt/devkitpro/devkitARM/bin/../lib/gcc/arm-none-eabi/15.1.0/../../../../arm-none-eabi/lib/armv6k/fpu/libg.a(libc_a-wsetup.o)
                0x0012bb84                __swsetup_r
 .text.strchr   0x0012bcc4      0x140 /opt/devkitpro/devkitARM/bin/../lib/gcc/arm-none-eabi/15.1.0/../../../../arm-none-eabi/lib/armv6k/fpu/libg.a(libc_a-strchr.o)
                0x0012bcc4                strchr
 .text._Balloc  0x0012be04       0x88 /opt/devkitpro/devkitARM/bin/../lib/gcc/arm-none-eabi/15.1.0/../../../../arm-none-eabi/lib/armv6k/fpu/libg.a(libc_a-mprec.o)
                0x0012be04                _Balloc
 .text._Bfree   0x0012be8c       0x1c /opt/devkitpro/devkitARM/bin/../lib/gcc/arm-none-eabi/15.1.0/../../../../arm-none-eabi/lib/armv6k/fpu/libg.a(libc_a-mprec.o)
                0x0012be8c                _Bfree
 .text.__multadd
                0x0012bea8       0xf4 /opt/devkitpro/devkitARM/bin/../lib/gcc/arm-none-eabi/15.1.0/../../../../arm-none-eabi/lib/armv6k/fpu/libg.a(libc_a-mprec.o)
                0x0012bea8                __multadd
 .text.__hi0bits
                0x0012bf9c       0x80 /opt/devkitpro/devkitARM/bin/../lib/gcc/arm-none-eabi/15.1.0/../../../../arm-none-eabi/lib/armv6k/fpu/libg.a(libc_a-mprec.o)
                0x0012bf9c                __hi0bits
 .text.__lo0bits
                0x0012c01c       0xf0 /opt/devkitpro/devkitARM/bin/../lib/gcc/arm-none-eabi/15.1.0/../../../../arm-none-eabi/lib/armv6k/fpu/libg.a(libc_a-mprec.o)
                0x0012c01c                __lo0bits
 .text.__i2b    0x0012c10c       0xa4 /opt/devkitpro/devkitARM/bin/../lib/gcc/arm-none-eabi/15.1.0/../../../../arm-none-eabi/lib/armv6k/fpu/libg.a(libc_a-mprec.o)
                0x0012c10c                __i2b
 .text.__multiply
                0x0012c1b0      0x230 /opt/devkitpro/devkitARM/bin/../lib/gcc/arm-none-eabi/15.1.0/../../../../arm-none-eabi/lib/armv6k/fpu/libg.a(libc_a-mprec.o)
                0x0012c1b0                __multiply
 .text.__pow5mult
                0x0012c3e0      0x130 /opt/devkitpro/devkitARM/bin/../lib/gcc/arm-none-eabi/15.1.0/../../../../arm-none-eabi/lib/armv6k/fpu/libg.a(libc_a-mprec.o)
                0x0012c3e0                __pow5mult
 .text.__lshift
                0x0012c510      0x138 /opt/devkitpro/devkitARM/bin/../lib/gcc/arm-none-eabi/15.1.0/../../../../arm-none-eabi/lib/armv6k/fpu/libg.a(libc_a-mprec.o)
                0x0012c510                __lshift
 .text.__mcmp   0x0012c648       0x58 /opt/devkitpro/devkitARM/bin/../lib/gcc/arm-none-eabi/15.1.0/../../../../arm-none-eabi/lib/armv6k/fpu/libg.a(libc_a-mprec.o)
                0x0012c648                __mcmp
 .text.__mdiff  0x0012c6a0      0x218 /opt/devkitpro/devkitARM/bin/../lib/gcc/arm-none-eabi/15.1.0/../../../../arm-none-eabi/lib/armv6k/fpu/libg.a(libc_a-mprec.o)
                0x0012c6a0                __mdiff
 .text.__d2b    0x0012c8b8      0x120 /opt/devkitpro/devkitARM/bin/../lib/gcc/arm-none-eabi/15.1.0/../../../../arm-none-eabi/lib/armv6k/fpu/libg.a(libc_a-mprec.o)
                0x0012c8b8                __d2b
 .text.__swbuf_r
                0x0012c9d8      0x124 /opt/devkitpro/devkitARM/bin/../lib/gcc/arm-none-eabi/15.1.0/../../../../arm-none-eabi/lib/armv6k/fpu/libg.a(libc_a-wbuf.o)
                0x0012c9d8                __swbuf_r
 .text._exit    0x0012cafc       0x20 /opt/devkitpro/devkitARM/bin/../lib/gcc/arm-none-eabi/15.1.0/../../../../arm-none-eabi/lib/armv6k/fpu/libsysbase.a(libsysbase_libsysbase_a-_exit.o)
                0x0012cafc                _exit
 .text.chdir    0x0012cb1c      0x140 /opt/devkitpro/devkitARM/bin/../lib/gcc/arm-none-eabi/15.1.0/../../../../arm-none-eabi/lib/armv6k/fpu/libsysbase.a(libsysbase_libsysbase_a-chdir.o)
                0x0012cb1c                chdir
 .text._concatenate_path
                0x0012cc5c      0x1c8 /opt/devkitpro/devkitARM/bin/../lib/gcc/arm-none-eabi/15.1.0/../../../../arm-none-eabi/lib/armv6k/fpu/libsysbase.a(libsysbase_libsysbase_a-concatenate.o)
                0x0012cc5c                _concatenate_path
 .text._fstat_r
                0x0012ce24       0x9c /opt/devkitpro/devkitARM/bin/../lib/gcc/arm-none-eabi/15.1.0/../../../../arm-none-eabi/lib/armv6k/fpu/libsysbase.a(libsysbase_libsysbase_a-fstat.o)
                0x0012ce24                _fstat_r
 .text._getpid_r
                0x0012cec0       0x14 /opt/devkitpro/devkitARM/bin/../lib/gcc/arm-none-eabi/15.1.0/../../../../arm-none-eabi/lib/armv6k/fpu/libsysbase.a(libsysbase_libsysbase_a-getpid.o)
                0x0012cec0                _getpid_r
 .text.__getreent
                0x0012ced4       0x2c /opt/devkitpro/devkitARM/bin/../lib/gcc/arm-none-eabi/15.1.0/../../../../arm-none-eabi/lib/armv6k/fpu/libsysbase.a(libsysbase_libsysbase_a-getreent.o)
                0x0012ced4                __getreent
 .text._gettimeofday_r
                0x0012cf00       0x30 /opt/devkitpro/devkitARM/bin/../lib/gcc/arm-none-eabi/15.1.0/../../../../arm-none-eabi/lib/armv6k/fpu/libsysbase.a(libsysbase_libsysbase_a-gettod.o)
                0x0012cf00                _gettimeofday_r
 .text.__get_handle
                0x0012cf30       0x58 /opt/devkitpro/devkitARM/bin/../lib/gcc/arm-none-eabi/15.1.0/../../../../arm-none-eabi/lib/armv6k/fpu/libsysbase.a(libsysbase_libsysbase_a-handle_manager.o)
                0x0012cf30                __get_handle
 .text._close_r
                0x0012cf88      0x110 /opt/devkitpro/devkitARM/bin/../lib/gcc/arm-none-eabi/15.1.0/../../../../arm-none-eabi/lib/armv6k/fpu/libsysbase.a(libsysbase_libsysbase_a-handle_manager.o)
                0x0012cf88                _close_r
 .text.null_write
                0x0012d098        0x8 /opt/devkitpro/devkitARM/bin/../lib/gcc/arm-none-eabi/15.1.0/../../../../arm-none-eabi/lib/armv6k/fpu/libsysbase.a(libsysbase_libsysbase_a-iosupport.o)
 .text.setDefaultDevice
                0x0012d0a0       0x18 /opt/devkitpro/devkitARM/bin/../lib/gcc/arm-none-eabi/15.1.0/../../../../arm-none-eabi/lib/armv6k/fpu/libsysbase.a(libsysbase_libsysbase_a-iosupport.o)
                0x0012d0a0                setDefaultDevice
 .text.FindDevice
                0x0012d0b8       0xc4 /opt/devkitpro/devkitARM/bin/../lib/gcc/arm-none-eabi/15.1.0/../../../../arm-none-eabi/lib/armv6k/fpu/libsysbase.a(libsysbase_libsysbase_a-iosupport.o)
                0x0012d0b8                FindDevice
 .text.RemoveDevice
                0x0012d17c       0x28 /opt/devkitpro/devkitARM/bin/../lib/gcc/arm-none-eabi/15.1.0/../../../../arm-none-eabi/lib/armv6k/fpu/libsysbase.a(libsysbase_libsysbase_a-iosupport.o)
                0x0012d17c                RemoveDevice
 .text.AddDevice
                0x0012d1a4       0x98 /opt/devkitpro/devkitARM/bin/../lib/gcc/arm-none-eabi/15.1.0/../../../../arm-none-eabi/lib/armv6k/fpu/libsysbase.a(libsysbase_libsysbase_a-iosupport.o)
                0x0012d1a4                AddDevice
 .text.GetDeviceOpTab
                0x0012d23c       0x20 /opt/devkitpro/devkitARM/bin/../lib/gcc/arm-none-eabi/15.1.0/../../../../arm-none-eabi/lib/armv6k/fpu/libsysbase.a(libsysbase_libsysbase_a-iosupport.o)
                0x0012d23c                GetDeviceOpTab
 .text._isatty_r
                0x0012d25c        0x8 /opt/devkitpro/devkitARM/bin/../lib/gcc/arm-none-eabi/15.1.0/../../../../arm-none-eabi/lib/armv6k/fpu/libsysbase.a(libsysbase_libsysbase_a-isatty.o)
                0x0012d25c                _isatty_r
 .text._kill_r  0x0012d264       0x14 /opt/devkitpro/devkitARM/bin/../lib/gcc/arm-none-eabi/15.1.0/../../../../arm-none-eabi/lib/armv6k/fpu/libsysbase.a(libsysbase_libsysbase_a-kill.o)
                0x0012d264                _kill_r
 .text._lseek_r
                0x0012d278       0x94 /opt/devkitpro/devkitARM/bin/../lib/gcc/arm-none-eabi/15.1.0/../../../../arm-none-eabi/lib/armv6k/fpu/libsysbase.a(libsysbase_libsysbase_a-lseek.o)
                0x0012d278                _lseek_r
 .text.mkdir    0x0012d30c       0x68 /opt/devkitpro/devkitARM/bin/../lib/gcc/arm-none-eabi/15.1.0/../../../../arm-none-eabi/lib/armv6k/fpu/libsysbase.a(libsysbase_libsysbase_a-mkdir.o)
                0x0012d30c                mkdir
 .text._read_r  0x0012d374       0x94 /opt/devkitpro/devkitARM/bin/../lib/gcc/arm-none-eabi/15.1.0/../../../../arm-none-eabi/lib/armv6k/fpu/libsysbase.a(libsysbase_libsysbase_a-read.o)
                0x0012d374                _read_r
 .text._sbrk_r  0x0012d408       0x78 /opt/devkitpro/devkitARM/bin/../lib/gcc/arm-none-eabi/15.1.0/../../../../arm-none-eabi/lib/armv6k/fpu/libsysbase.a(libsysbase_libsysbase_a-sbrk.o)
                0x0012d408                _sbrk_r
 .text.__libc_lock_acquire
                0x0012d480       0x1c /opt/devkitpro/devkitARM/bin/../lib/gcc/arm-none-eabi/15.1.0/../../../../arm-none-eabi/lib/armv6k/fpu/libsysbase.a(libsysbase_libsysbase_a-syscall_support.o)
                0x0012d480                __libc_lock_acquire
 .text.__libc_lock_release
                0x0012d49c       0x1c /opt/devkitpro/devkitARM/bin/../lib/gcc/arm-none-eabi/15.1.0/../../../../arm-none-eabi/lib/armv6k/fpu/libsysbase.a(libsysbase_libsysbase_a-syscall_support.o)
                0x0012d49c                __libc_lock_release
 .text.__libc_lock_acquire_recursive
                0x0012d4b8       0x1c /opt/devkitpro/devkitARM/bin/../lib/gcc/arm-none-eabi/15.1.0/../../../../arm-none-eabi/lib/armv6k/fpu/libsysbase.a(libsysbase_libsysbase_a-syscall_support.o)
                0x0012d4b8                __libc_lock_acquire_recursive
 .text.__libc_lock_release_recursive
                0x0012d4d4       0x1c /opt/devkitpro/devkitARM/bin/../lib/gcc/arm-none-eabi/15.1.0/../../../../arm-none-eabi/lib/armv6k/fpu/libsysbase.a(libsysbase_libsysbase_a-syscall_support.o)
                0x0012d4d4                __libc_lock_release_recursive
 .text._write_r
                0x0012d4f0       0x94 /opt/devkitpro/devkitARM/bin/../lib/gcc/arm-none-eabi/15.1.0/../../../../arm-none-eabi/lib/armv6k/fpu/libsysbase.a(libsysbase_libsysbase_a-write.o)
                0x0012d4f0                _write_r
 .text.strrchr  0x0012d584       0x48 /opt/devkitpro/devkitARM/bin/../lib/gcc/arm-none-eabi/15.1.0/../../../../arm-none-eabi/lib/armv6k/fpu/libg.a(libc_a-strrchr.o)
                0x0012d584                strrchr
 *(.glue_7)
 .glue_7        0x0012d5cc        0x0 linker stubs
 *(.glue_7t)
 .glue_7t       0x0012d5cc        0x0 linker stubs
 *(.stub)
 *(.gnu.warning)
 *(.gnu.linkonce.t*)
                0x0012d5cc                        . = ALIGN (0x4)
 *(.fini)
 .fini          0x0012d5cc        0xc /opt/devkitpro/devkitARM/bin/../lib/gcc/arm-none-eabi/15.1.0/armv6k/fpu/crti.o
                0x0012d5cc                _fini
 .fini          0x0012d5d8        0xc /opt/devkitpro/devkitARM/bin/../lib/gcc/arm-none-eabi/15.1.0/armv6k/fpu/crtn.o
                0x0012d5e4                        . = ALIGN (0x4)

.vfp11_veneer   0x0012d5e4        0x0
 .vfp11_veneer  0x0012d5e4        0x0 linker stubs

.v4_bx          0x0012d5e4        0x0
 .v4_bx         0x0012d5e4        0x0 linker stubs

.iplt           0x0012d5e4        0x0
 .iplt          0x0012d5e4        0x0 /opt/devkitpro/devkitARM/bin/../lib/gcc/arm-none-eabi/15.1.0/../../../../arm-none-eabi/lib/armv6k/fpu/3dsx_crt0.o
                0x0012e000                        . = ALIGN (0x1000)

.rodata         0x0012e000     0x3eec
 *(.rodata)
 .rodata        0x0012e000      0x789 main.o
 *fill*         0x0012e789        0x3 
 .rodata        0x0012e78c        0xc /opt/devkitpro/libctru/lib/libctru.a(archive_dev.o)
 *(.roda)
 *(.rodata.*)
 .rodata.str1.4
                0x0012e798      0xba7 main.o
                                0x9d2 (size before relaxing)
 .rodata.consolePrintChar
                0x0012f33f        0x6 /opt/devkitpro/libctru/lib/libctru.a(console.o)
 *fill*         0x0012f345        0x1 
 .rodata.con_write
                0x0012f346      0x164 /opt/devkitpro/libctru/lib/libctru.a(console.o)
 .rodata.str1.4
                0x0012f4aa       0x10 /opt/devkitpro/libctru/lib/libctru.a(console.o)
 *fill*         0x0012f4aa        0x2 
 .rodata.dotab_stdout
                0x0012f4ac       0x80 /opt/devkitpro/libctru/lib/libctru.a(console.o)
 .rodata.grayScale
                0x0012f52c       0x18 /opt/devkitpro/libctru/lib/libctru.a(console.o)
 .rodata.colorCube
                0x0012f544        0x6 /opt/devkitpro/libctru/lib/libctru.a(console.o)
 *fill*         0x0012f54a        0x2 
 .rodata.colorTable
                0x0012f54c       0x30 /opt/devkitpro/libctru/lib/libctru.a(console.o)
 .rodata.aptEventHandler
                0x0012f57c        0xb /opt/devkitpro/libctru/lib/libctru.a(apt.o)
 .rodata.aptWaitForWakeUp.isra.0
                0x0012f587       0x11 /opt/devkitpro/libctru/lib/libctru.a(apt.o)
 .rodata.morton_y.2
                0x0012f598        0x8 /opt/devkitpro/libctru/lib/libctru.a(apt.o)
 .rodata.morton_x.3
                0x0012f5a0        0x8 /opt/devkitpro/libctru/lib/libctru.a(apt.o)
 .rodata.s_sleepWakeEvents.4
                0x0012f5a8        0x8 /opt/devkitpro/libctru/lib/libctru.a(apt.o)
 .rodata.str1.4
                0x0012f5b0       0x16 /opt/devkitpro/libctru/lib/libctru.a(apt.o)
 .rodata.serviceNameTable.5
                0x0012f5b0        0xc /opt/devkitpro/libctru/lib/libctru.a(apt.o)
 .rodata.gspInit.str1.4
                0x0012f5bc        0x9 /opt/devkitpro/libctru/lib/libctru.a(gspgpu.o)
 .rodata.hidInit.str1.4
                0x0012f5bc       0x15 /opt/devkitpro/libctru/lib/libctru.a(hid.o)
 .rodata.httpcInit.str1.4
                0x0012f5bc        0x7 /opt/devkitpro/libctru/lib/libctru.a(httpc.o)
 .rodata.irrstInit.str1.4
                0x0012f5bc        0x7 /opt/devkitpro/libctru/lib/libctru.a(irrst.o)
 .rodata.__system_initArgv.str1.4
                0x0012f5bc        0xa /opt/devkitpro/libctru/lib/libctru.a(initArgv.o)
 .rodata.default_font_bin
                0x0012f5bc      0x800 /opt/devkitpro/libctru/lib/libctru.a(default_font.bin.o)
                0x0012f5bc                default_font_bin
                0x0012fdbc                default_font_bin_end
 .rodata.srvInit.str1.4
                0x0012fdbc        0x5 /opt/devkitpro/libctru/lib/libctru.a(srv.o)
 .rodata.ptmSysmInit.str1.4
                0x0012fdbc        0x9 /opt/devkitpro/libctru/lib/libctru.a(ptmsysm.o)
 .rodata.archive_utf16path.str1.4
                0x0012fdbc        0x2 /opt/devkitpro/libctru/lib/libctru.a(archive_dev.o)
 .rodata._archiveUnmountDeviceStruct.part.0.str1.4
                0x0012fdbc        0x2 /opt/devkitpro/libctru/lib/libctru.a(archive_dev.o)
 .rodata._archiveMountDevice.str1.4
                0x0012fdbc        0xc /opt/devkitpro/libctru/lib/libctru.a(archive_dev.o)
 .rodata.archiveMountSdmc.str1.4
                0x0012fdbc        0x5 /opt/devkitpro/libctru/lib/libctru.a(archive_dev.o)
 .rodata.error_table
                0x0012fdbc       0x30 /opt/devkitpro/libctru/lib/libctru.a(archive_dev.o)
 .rodata.str1.4
                0x0012fdec        0x8 /opt/devkitpro/libctru/lib/libctru.a(archive_dev.o)
 .rodata.archive_devoptab
                0x0012fdec       0x80 /opt/devkitpro/libctru/lib/libctru.a(archive_dev.o)
 .rodata.fsInit.str1.4
                0x0012fe6c        0x8 /opt/devkitpro/libctru/lib/libctru.a(fs.o)
 *fill*         0x0012fe6c        0x4 
 .rodata.__exp_data
                0x0012fe70      0x870 /opt/devkitpro/devkitARM/bin/../lib/gcc/arm-none-eabi/15.1.0/../../../../arm-none-eabi/lib/armv6k/fpu/libm.a(libm_a-exp_data.o)
                0x0012fe70                __exp_data
 .rodata.__pow_log_data
                0x001306e0     0x1048 /opt/devkitpro/devkitARM/bin/../lib/gcc/arm-none-eabi/15.1.0/../../../../arm-none-eabi/lib/armv6k/fpu/libm.a(libm_a-pow_log_data.o)
                0x001306e0                __pow_log_data
 .rodata.__assert_func.str1.4
                0x00131728       0x43 /opt/devkitpro/devkitARM/bin/../lib/gcc/arm-none-eabi/15.1.0/../../../../arm-none-eabi/lib/armv6k/fpu/libg.a(libc_a-assert.o)
 .rodata._puts_r.str1.4
                0x00131728        0x2 /opt/devkitpro/devkitARM/bin/../lib/gcc/arm-none-eabi/15.1.0/../../../../arm-none-eabi/lib/armv6k/fpu/libg.a(libc_a-puts.o)
 .rodata.get_arg
                0x00131728       0x34 /opt/devkitpro/devkitARM/bin/../lib/gcc/arm-none-eabi/15.1.0/../../../../arm-none-eabi/lib/armv6k/fpu/libg.a(libc_a-svfprintf.o)
 .rodata._svfprintf_r.str1.1
                0x0013175c       0x3b /opt/devkitpro/devkitARM/bin/../lib/gcc/arm-none-eabi/15.1.0/../../../../arm-none-eabi/lib/armv6k/fpu/libg.a(libc_a-svfprintf.o)
 *fill*         0x00131797        0x1 
 .rodata._svfprintf_r
                0x00131798       0xb6 /opt/devkitpro/devkitARM/bin/../lib/gcc/arm-none-eabi/15.1.0/../../../../arm-none-eabi/lib/armv6k/fpu/libg.a(libc_a-svfprintf.o)
 *fill*         0x0013184e        0x2 
 .rodata.zeroes.0
                0x00131850       0x10 /opt/devkitpro/devkitARM/bin/../lib/gcc/arm-none-eabi/15.1.0/../../../../arm-none-eabi/lib/armv6k/fpu/libg.a(libc_a-svfprintf.o)
 .rodata.blanks.1
                0x00131860       0x10 /opt/devkitpro/devkitARM/bin/../lib/gcc/arm-none-eabi/15.1.0/../../../../arm-none-eabi/lib/armv6k/fpu/libg.a(libc_a-svfprintf.o)
 .rodata._ctype_
                0x00131870      0x101 /opt/devkitpro/devkitARM/bin/../lib/gcc/arm-none-eabi/15.1.0/../../../../arm-none-eabi/lib/armv6k/fpu/libg.a(libc_a-ctype_.o)
                0x00131870                _ctype_
 *fill*         0x00131971        0x3 
 .rodata.__action_table
                0x00131974       0x6c /opt/devkitpro/devkitARM/bin/../lib/gcc/arm-none-eabi/15.1.0/../../../../arm-none-eabi/lib/armv6k/fpu/libg.a(libc_a-svfiprintf.o)
                0x00131974                __action_table
 .rodata.__state_table
                0x001319e0       0x6c /opt/devkitpro/devkitARM/bin/../lib/gcc/arm-none-eabi/15.1.0/../../../../arm-none-eabi/lib/armv6k/fpu/libg.a(libc_a-svfiprintf.o)
                0x001319e0                __state_table
 .rodata.__chclass
                0x00131a4c      0x100 /opt/devkitpro/devkitARM/bin/../lib/gcc/arm-none-eabi/15.1.0/../../../../arm-none-eabi/lib/armv6k/fpu/libg.a(libc_a-svfiprintf.o)
                0x00131a4c                __chclass
 .rodata.str1.4
                0x00131b4c       0x4c /opt/devkitpro/devkitARM/bin/../lib/gcc/arm-none-eabi/15.1.0/../../../../arm-none-eabi/lib/armv6k/fpu/libg.a(libc_a-locale.o)
 .rodata.get_arg
                0x00131b4c       0x34 /opt/devkitpro/devkitARM/bin/../lib/gcc/arm-none-eabi/15.1.0/../../../../arm-none-eabi/lib/armv6k/fpu/libg.a(libc_a-vfiprintf.o)
 .rodata._vfiprintf_r.str1.1
                0x00131b80       0x29 /opt/devkitpro/devkitARM/bin/../lib/gcc/arm-none-eabi/15.1.0/../../../../arm-none-eabi/lib/armv6k/fpu/libg.a(libc_a-vfiprintf.o)
 .rodata._vfiprintf_r
                0x00131b80       0xb6 /opt/devkitpro/devkitARM/bin/../lib/gcc/arm-none-eabi/15.1.0/../../../../arm-none-eabi/lib/armv6k/fpu/libg.a(libc_a-vfiprintf.o)
 *fill*         0x00131c36        0x2 
 .rodata.zeroes.0
                0x00131c38       0x10 /opt/devkitpro/devkitARM/bin/../lib/gcc/arm-none-eabi/15.1.0/../../../../arm-none-eabi/lib/armv6k/fpu/libg.a(libc_a-vfiprintf.o)
 .rodata.blanks.1
                0x00131c48       0x10 /opt/devkitpro/devkitARM/bin/../lib/gcc/arm-none-eabi/15.1.0/../../../../arm-none-eabi/lib/armv6k/fpu/libg.a(libc_a-vfiprintf.o)
 .rodata.get_arg
                0x00131c58       0x34 /opt/devkitpro/devkitARM/bin/../lib/gcc/arm-none-eabi/15.1.0/../../../../arm-none-eabi/lib/armv6k/fpu/libg.a(libc_a-vfprintf.o)
 .rodata._vfprintf_r.str1.1
                0x00131c8c       0x3b /opt/devkitpro/devkitARM/bin/../lib/gcc/arm-none-eabi/15.1.0/../../../../arm-none-eabi/lib/armv6k/fpu/libg.a(libc_a-vfprintf.o)
 .rodata._vfprintf_r
                0x00131c8c       0xb6 /opt/devkitpro/devkitARM/bin/../lib/gcc/arm-none-eabi/15.1.0/../../../../arm-none-eabi/lib/armv6k/fpu/libg.a(libc_a-vfprintf.o)
 *fill*         0x00131d42        0x2 
 .rodata.zeroes.0
                0x00131d44       0x10 /opt/devkitpro/devkitARM/bin/../lib/gcc/arm-none-eabi/15.1.0/../../../../arm-none-eabi/lib/armv6k/fpu/libg.a(libc_a-vfprintf.o)
 .rodata.blanks.1
                0x00131d54       0x10 /opt/devkitpro/devkitARM/bin/../lib/gcc/arm-none-eabi/15.1.0/../../../../arm-none-eabi/lib/armv6k/fpu/libg.a(libc_a-vfprintf.o)
 .rodata._dtoa_r.str1.4
                0x00131d64       0x6a /opt/devkitpro/devkitARM/bin/../lib/gcc/arm-none-eabi/15.1.0/../../../../arm-none-eabi/lib/armv6k/fpu/libg.a(libc_a-dtoa.o)
 .rodata._dtoa_r
                0x00131d64        0x8 /opt/devkitpro/devkitARM/bin/../lib/gcc/arm-none-eabi/15.1.0/../../../../arm-none-eabi/lib/armv6k/fpu/libg.a(libc_a-dtoa.o)
 .rodata.__multadd.str1.4
                0x00131d6c       0x57 /opt/devkitpro/devkitARM/bin/../lib/gcc/arm-none-eabi/15.1.0/../../../../arm-none-eabi/lib/armv6k/fpu/libg.a(libc_a-mprec.o)
 .rodata.p05.0  0x00131d6c        0xc /opt/devkitpro/devkitARM/bin/../lib/gcc/arm-none-eabi/15.1.0/../../../../arm-none-eabi/lib/armv6k/fpu/libg.a(libc_a-mprec.o)
 .rodata.__mprec_bigtens
                0x00131d78       0x28 /opt/devkitpro/devkitARM/bin/../lib/gcc/arm-none-eabi/15.1.0/../../../../arm-none-eabi/lib/armv6k/fpu/libg.a(libc_a-mprec.o)
                0x00131d78                __mprec_bigtens
 .rodata.__mprec_tens
                0x00131da0       0xc8 /opt/devkitpro/devkitARM/bin/../lib/gcc/arm-none-eabi/15.1.0/../../../../arm-none-eabi/lib/armv6k/fpu/libg.a(libc_a-mprec.o)
                0x00131da0                __mprec_tens
 .rodata.AddDevice.str1.4
                0x00131e68        0x8 /opt/devkitpro/devkitARM/bin/../lib/gcc/arm-none-eabi/15.1.0/../../../../arm-none-eabi/lib/armv6k/fpu/libsysbase.a(libsysbase_libsysbase_a-iosupport.o)
 .rodata.dotab_stdnull
                0x00131e68       0x80 /opt/devkitpro/devkitARM/bin/../lib/gcc/arm-none-eabi/15.1.0/../../../../arm-none-eabi/lib/armv6k/fpu/libsysbase.a(libsysbase_libsysbase_a-iosupport.o)
                0x00131e68                dotab_stdnull
 *all.rodata*(*)
 *(.gnu.linkonce.r*)
                0x00131ee8                        . = ALIGN (0x4)
                0x00131ee8                        __tdata_align = .
                0x00131ee8        0x4 LONG 0x4 ALIGNOF (.tdata)
                0x00131eec                        . = ALIGN (0x4)

.eh_frame       0x00131eec        0x0
 .eh_frame      0x00131eec        0x0 /opt/devkitpro/devkitARM/bin/../lib/gcc/arm-none-eabi/15.1.0/armv6k/fpu/crtbegin.o

.rel.dyn        0x00131eec        0x0
 .rel.iplt      0x00131eec        0x0 /opt/devkitpro/devkitARM/bin/../lib/gcc/arm-none-eabi/15.1.0/../../../../arm-none-eabi/lib/armv6k/fpu/3dsx_crt0.o
 .rel.got       0x00131eec        0x0 /opt/devkitpro/devkitARM/bin/../lib/gcc/arm-none-eabi/15.1.0/../../../../arm-none-eabi/lib/armv6k/fpu/3dsx_crt0.o

.ARM.extab
 *(.ARM.extab* .gnu.linkonce.armextab.*)
                0x00131eec                        __exidx_start = .

.ARM.exidx
 *(.ARM.exidx* .gnu.linkonce.armexidx.*)
                0x00131eec                        __exidx_end = .
                0x00132000                        . = ALIGN (0x1000)

.data           0x00132000     0x1c14
 *(.data)
 .data          0x00132000       0x29 main.o
 *(.data.*)
 .data.firstConsoleInit.0
                0x00132029        0x1 /opt/devkitpro/libctru/lib/libctru.a(console.o)
 *fill*         0x0013202a        0x2 
 .data.currentConsole
                0x0013202c        0x4 /opt/devkitpro/libctru/lib/libctru.a(console.o)
                0x0013202c                currentConsole
 .data.defaultConsole
                0x00132030       0x48 /opt/devkitpro/libctru/lib/libctru.a(console.o)
                0x00132030                defaultConsole
 .data.aptChainloadDeliverArgSize
                0x00132078        0x4 /opt/devkitpro/libctru/lib/libctru.a(apt.o)
 .data.kCount   0x0013207c        0x4 /opt/devkitpro/libctru/lib/libctru.a(hid.o)
 .data.kInterval
                0x00132080        0x4 /opt/devkitpro/libctru/lib/libctru.a(hid.o)
 .data.kDelay   0x00132084        0x4 /opt/devkitpro/libctru/lib/libctru.a(hid.o)
 .data.__stacksize__
                0x00132088        0x4 /opt/devkitpro/libctru/lib/libctru.a(stack_adjust.o)
                0x00132088                __stacksize__
 .data.__sglue  0x0013208c        0xc /opt/devkitpro/devkitARM/bin/../lib/gcc/arm-none-eabi/15.1.0/../../../../arm-none-eabi/lib/armv6k/fpu/libg.a(libc_a-findfp.o)
                0x0013208c                __sglue
 .data.__malloc_sbrk_base
                0x00132098        0x4 /opt/devkitpro/devkitARM/bin/../lib/gcc/arm-none-eabi/15.1.0/../../../../arm-none-eabi/lib/armv6k/fpu/libg.a(libc_a-mallocr.o)
                0x00132098                __malloc_sbrk_base
 .data.__malloc_trim_threshold
                0x0013209c        0x4 /opt/devkitpro/devkitARM/bin/../lib/gcc/arm-none-eabi/15.1.0/../../../../arm-none-eabi/lib/armv6k/fpu/libg.a(libc_a-mallocr.o)
                0x0013209c                __malloc_trim_threshold
 .data.__malloc_av_
                0x001320a0      0x408 /opt/devkitpro/devkitARM/bin/../lib/gcc/arm-none-eabi/15.1.0/../../../../arm-none-eabi/lib/armv6k/fpu/libg.a(libc_a-mallocr.o)
                0x001320a0                __malloc_av_
 .data._impure_ptr
                0x001324a8        0x4 /opt/devkitpro/devkitARM/bin/../lib/gcc/arm-none-eabi/15.1.0/../../../../arm-none-eabi/lib/armv6k/fpu/libg.a(libc_a-impure.o)